<html>
<body>
<pre>
<h1>µVision Build Log</h1>
<h2>Tool Versions:</h2>
IDE-Version: µVision V5.29.0.0
Copyright (C) 2019 ARM Ltd and ARM Germany GmbH. All rights reserved.
License Information: Sage Livingstone, UW-Madison, LIC=----
 
Tool Versions:
Toolchain:       MDK-Lite  Version: 5.29.0.0
Toolchain Path:  C:\Keil_v5\ARM\ARMCC\Bin
C Compiler:      Armcc.exe V5.06 update 6 (build 750)
Assembler:       Armasm.exe V5.06 update 6 (build 750)
Linker/Locator:  ArmLink.exe V5.06 update 6 (build 750)
Library Manager: ArmAr.exe V5.06 update 6 (build 750)
Hex Converter:   FromElf.exe V5.06 update 6 (build 750)
CPU DLL:         SARMCM3.DLL V5.29.0.0
Dialog DLL:      DCM.DLL V1.17.3.0
Target DLL:      lmidk-agdi.dll V???
Dialog DLL:      TCM.DLL V1.36.5.0
 
<h2>Project:</h2>
C:\Users\cocot\Documents\ECE353\Final Project\Project\Project.uvprojx
Project File Date:  05/03/2020

<h2>Output:</h2>
*** Using Compiler 'V5.06 update 6 (build 750)', folder: 'C:\Keil_v5\ARM\ARMCC\Bin'
Build target 'Project-F19'
compiling main.c...
lcd_images.h(36): warning:  #1-D: last line of file ends without a newline
  #endif
main.h(109): warning:  #1295-D: Deprecated declaration pause_pressed - give arg types
  void pause_pressed();
main.h(110): warning:  #1295-D: Deprecated declaration red_win - give arg types
  void red_win();
main.h(111): warning:  #1295-D: Deprecated declaration blue_win - give arg types
  void blue_win();
main.h(112): warning:  #1295-D: Deprecated declaration draw_restart - give arg types
  void draw_restart();
main.h(113): warning:  #1295-D: Deprecated declaration end_game - give arg types
  void end_game();
main.h(115): warning:  #1295-D: Deprecated declaration get_high_score - give arg types
  uint8_t get_high_score();
main.c(65): warning:  #177-D: variable "data"  was declared but never referenced
  	uint8_t data;
main.c: 8 warnings, 0 errors
linking...
Program Size: Code=11320 RO-data=2852 RW-data=44 ZI-data=20212  
".\obj\ece353_base_project.axf" - 0 Error(s), 8 Warning(s).

<h2>Software Packages used:</h2>

Package Vendor: ARM
                http://www.keil.com/pack/ARM.CMSIS.5.6.0.pack
                ARM.CMSIS.5.6.0
                CMSIS (Cortex Microcontroller Software Interface Standard)
   * Component: CORE Version: 5.3.0

Package Vendor: Keil
                http://www.keil.com/pack/Keil.TM4C_DFP.1.1.0.pack
                Keil.TM4C_DFP.1.1.0
                Texas Instruments Tiva C Series Device Support and Examples
   * Component: Startup Version: 1.0.1

<h2>Collection of Component include folders:</h2>
  .\RTE\_Project-F19
  C:\Users\cocot\AppData\Local\Arm\Packs\ARM\CMSIS\5.6.0\CMSIS\Core\Include
  C:\Users\cocot\AppData\Local\Arm\Packs\Keil\TM4C_DFP\1.1.0\Device\Include\TM4C123

<h2>Collection of Component Files used:</h2>

   * Component: ARM::CMSIS:CORE:5.3.0

   * Component: Keil::Device:Startup:1.0.1
      Source file:   Device\Source\ARM\startup_TM4C123.s
      Source file:   Device\Source\system_TM4C123.c
      Include file:  Device\Include\TM4C123\TM4C123.h
Build Time Elapsed:  00:00:01
</pre>
</body>
</html>
