Component: ARM Compiler 5.06 update 6 (build 750) Tool: armlink [4d35ed]

==============================================================================

Section Cross References

    main.o(.text) refers to lcd.o(.text) for lcd_clear_screen
    main.o(.text) refers to memseta.o(.text) for __aeabi_memclr4
    main.o(.text) refers to printf1.o(i.__0printf$1) for __2printf
    main.o(.text) refers to serial_debug.o(.text) for init_serial_debug
    main.o(.text) refers to project_hardware_init.o(.text) for init_hardware
    main.o(.text) refers to lcd_images.o(.constdata) for lightbike_up
    main.o(.text) refers to main.o(.bss) for player1
    main.o(.text) refers to main.o(.data) for game_over
    project_hardware_init.o(.text) refers to printf1.o(i.__0printf$1) for __2printf
    project_hardware_init.o(.text) refers to lcd.o(.text) for lcd_config_screen
    project_hardware_init.o(.text) refers to ps2.o(.text) for ps2_initialize
    project_hardware_init.o(.text) refers to timers.o(.text) for gp_timer_config_32
    project_interrupts.o(.text) refers to main.o(.text) for update_p1
    project_interrupts.o(.text) refers to project_interrupts.o(.data) for PS2_X_DATA
    pc_buffer.o(.text) refers to malloc.o(i.malloc) for malloc
    accel.o(.text) refers to spi_select.o(.text) for spi_select_init
    accel.o(.text) refers to gpio_port.o(.text) for gpio_enable_port
    accel.o(.text) refers to spi.o(.text) for initialize_spi
    eeprom.o(.text) refers to i2c.o(.text) for i2cVerifyBaseAddr
    eeprom.o(.text) refers to gpio_port.o(.text) for gpio_enable_port
    ft6x06.o(.text) refers to i2c.o(.text) for I2CMasterBusy
    ft6x06.o(.text) refers to gpio_port.o(.text) for gpio_enable_port
    lcd.o(.text) refers to lcd.o(i.lcd_write_data_u16) for lcd_write_data_u16
    lcd.o(.text) refers to gpio_port.o(.text) for gpio_enable_port
    ps2.o(.text) refers to gpio_port.o(.text) for gpio_enable_port
    ps2.o(.text) refers to adc.o(.text) for get_adc_value
    serial_debug.o(.text) refers to gpio_port.o(.text) for gpio_enable_port
    serial_debug.o(.text) refers to pc_buffer.o(.text) for pc_buffer_init
    serial_debug.o(.text) refers to uart.o(.text) for uart_init
    serial_debug.o(.text) refers to printf1.o(i.__0printf$1) for __2printf
    serial_debug.o(.text) refers to main.o(.text) for DisableInterrupts
    serial_debug.o(.text) refers to serial_debug.o(.data) for Rx_Interrupts_Enabled
    serial_debug.o(.text) refers to serial_debug.o(.bss) for UART0_Tx_Buffer
    serial_debug.o(.text) refers to stdout.o(.data) for __stdout
    spi_select.o(.text) refers to gpio_port.o(.text) for gpio_enable_port
    startup_tm4c123.o(RESET) refers to startup_tm4c123.o(STACK) for __initial_sp
    startup_tm4c123.o(RESET) refers to startup_tm4c123.o(.text) for Reset_Handler
    startup_tm4c123.o(RESET) refers to serial_debug.o(.text) for UART0_Handler
    startup_tm4c123.o(RESET) refers to project_interrupts.o(.text) for ADC0SS2_Handler
    startup_tm4c123.o(.text) refers to system_tm4c123.o(.text) for SystemInit
    startup_tm4c123.o(.text) refers to entry.o(.ARM.Collect$$$$00000000) for __main
    system_tm4c123.o(.text) refers to system_tm4c123.o(.data) for SystemCoreClock
    entry.o(.ARM.Collect$$$$00000000) refers (Special) to entry10a.o(.ARM.Collect$$$$0000000D) for __rt_final_cpp
    entry.o(.ARM.Collect$$$$00000000) refers (Special) to entry11a.o(.ARM.Collect$$$$0000000F) for __rt_final_exit
    entry.o(.ARM.Collect$$$$00000000) refers (Special) to entry7b.o(.ARM.Collect$$$$00000008) for _main_clock
    entry.o(.ARM.Collect$$$$00000000) refers (Special) to entry8b.o(.ARM.Collect$$$$0000000A) for _main_cpp_init
    entry.o(.ARM.Collect$$$$00000000) refers (Special) to entry9a.o(.ARM.Collect$$$$0000000B) for _main_init
    entry.o(.ARM.Collect$$$$00000000) refers (Special) to entry5.o(.ARM.Collect$$$$00000004) for _main_scatterload
    entry.o(.ARM.Collect$$$$00000000) refers (Special) to entry2.o(.ARM.Collect$$$$00000001) for _main_stk
    printfb.o(i.__0fprintf$bare) refers to printfb.o(i._printf_core) for _printf_core
    printfb.o(i.__0fprintf$bare) refers to serial_debug.o(.text) for fputc
    printfb.o(i.__0printf$bare) refers to printfb.o(i._printf_core) for _printf_core
    printfb.o(i.__0printf$bare) refers to serial_debug.o(.text) for fputc
    printfb.o(i.__0printf$bare) refers to stdout.o(.data) for __stdout
    printfb.o(i.__0snprintf$bare) refers to printfb.o(i._printf_core) for _printf_core
    printfb.o(i.__0snprintf$bare) refers to printfb.o(i._snputc) for _snputc
    printfb.o(i.__0sprintf$bare) refers to printfb.o(i._printf_core) for _printf_core
    printfb.o(i.__0sprintf$bare) refers to printfb.o(i._sputc) for _sputc
    printfb.o(i.__0vfprintf$bare) refers to printfb.o(i._printf_core) for _printf_core
    printfb.o(i.__0vfprintf$bare) refers to serial_debug.o(.text) for fputc
    printfb.o(i.__0vprintf$bare) refers to printfb.o(i._printf_core) for _printf_core
    printfb.o(i.__0vprintf$bare) refers to serial_debug.o(.text) for fputc
    printfb.o(i.__0vprintf$bare) refers to stdout.o(.data) for __stdout
    printfb.o(i.__0vsnprintf$bare) refers to printfb.o(i._printf_core) for _printf_core
    printfb.o(i.__0vsnprintf$bare) refers to printfb.o(i._snputc) for _snputc
    printfb.o(i.__0vsprintf$bare) refers to printfb.o(i._printf_core) for _printf_core
    printfb.o(i.__0vsprintf$bare) refers to printfb.o(i._sputc) for _sputc
    printf0.o(i.__0fprintf$0) refers to printf0.o(i._printf_core) for _printf_core
    printf0.o(i.__0fprintf$0) refers to serial_debug.o(.text) for fputc
    printf0.o(i.__0printf$0) refers to printf0.o(i._printf_core) for _printf_core
    printf0.o(i.__0printf$0) refers to serial_debug.o(.text) for fputc
    printf0.o(i.__0printf$0) refers to stdout.o(.data) for __stdout
    printf0.o(i.__0snprintf$0) refers to printf0.o(i._printf_core) for _printf_core
    printf0.o(i.__0snprintf$0) refers to printf0.o(i._snputc) for _snputc
    printf0.o(i.__0sprintf$0) refers to printf0.o(i._printf_core) for _printf_core
    printf0.o(i.__0sprintf$0) refers to printf0.o(i._sputc) for _sputc
    printf0.o(i.__0vfprintf$0) refers to printf0.o(i._printf_core) for _printf_core
    printf0.o(i.__0vfprintf$0) refers to serial_debug.o(.text) for fputc
    printf0.o(i.__0vprintf$0) refers to printf0.o(i._printf_core) for _printf_core
    printf0.o(i.__0vprintf$0) refers to serial_debug.o(.text) for fputc
    printf0.o(i.__0vprintf$0) refers to stdout.o(.data) for __stdout
    printf0.o(i.__0vsnprintf$0) refers to printf0.o(i._printf_core) for _printf_core
    printf0.o(i.__0vsnprintf$0) refers to printf0.o(i._snputc) for _snputc
    printf0.o(i.__0vsprintf$0) refers to printf0.o(i._printf_core) for _printf_core
    printf0.o(i.__0vsprintf$0) refers to printf0.o(i._sputc) for _sputc
    printf1.o(i.__0fprintf$1) refers to printf1.o(i._printf_core) for _printf_core
    printf1.o(i.__0fprintf$1) refers to serial_debug.o(.text) for fputc
    printf1.o(i.__0printf$1) refers to printf1.o(i._printf_core) for _printf_core
    printf1.o(i.__0printf$1) refers to serial_debug.o(.text) for fputc
    printf1.o(i.__0printf$1) refers to stdout.o(.data) for __stdout
    printf1.o(i.__0snprintf$1) refers to printf1.o(i._printf_core) for _printf_core
    printf1.o(i.__0snprintf$1) refers to printf1.o(i._snputc) for _snputc
    printf1.o(i.__0sprintf$1) refers to printf1.o(i._printf_core) for _printf_core
    printf1.o(i.__0sprintf$1) refers to printf1.o(i._sputc) for _sputc
    printf1.o(i.__0vfprintf$1) refers to printf1.o(i._printf_core) for _printf_core
    printf1.o(i.__0vfprintf$1) refers to serial_debug.o(.text) for fputc
    printf1.o(i.__0vprintf$1) refers to printf1.o(i._printf_core) for _printf_core
    printf1.o(i.__0vprintf$1) refers to serial_debug.o(.text) for fputc
    printf1.o(i.__0vprintf$1) refers to stdout.o(.data) for __stdout
    printf1.o(i.__0vsnprintf$1) refers to printf1.o(i._printf_core) for _printf_core
    printf1.o(i.__0vsnprintf$1) refers to printf1.o(i._snputc) for _snputc
    printf1.o(i.__0vsprintf$1) refers to printf1.o(i._printf_core) for _printf_core
    printf1.o(i.__0vsprintf$1) refers to printf1.o(i._sputc) for _sputc
    printf1.o(i._printf_core) refers to uidiv.o(.text) for __aeabi_uidivmod
    printf2.o(i.__0fprintf$2) refers to printf2.o(i._printf_core) for _printf_core
    printf2.o(i.__0fprintf$2) refers to serial_debug.o(.text) for fputc
    printf2.o(i.__0printf$2) refers to printf2.o(i._printf_core) for _printf_core
    printf2.o(i.__0printf$2) refers to serial_debug.o(.text) for fputc
    printf2.o(i.__0printf$2) refers to stdout.o(.data) for __stdout
    printf2.o(i.__0snprintf$2) refers to printf2.o(i._printf_core) for _printf_core
    printf2.o(i.__0snprintf$2) refers to printf2.o(i._snputc) for _snputc
    printf2.o(i.__0sprintf$2) refers to printf2.o(i._printf_core) for _printf_core
    printf2.o(i.__0sprintf$2) refers to printf2.o(i._sputc) for _sputc
    printf2.o(i.__0vfprintf$2) refers to printf2.o(i._printf_core) for _printf_core
    printf2.o(i.__0vfprintf$2) refers to serial_debug.o(.text) for fputc
    printf2.o(i.__0vprintf$2) refers to printf2.o(i._printf_core) for _printf_core
    printf2.o(i.__0vprintf$2) refers to serial_debug.o(.text) for fputc
    printf2.o(i.__0vprintf$2) refers to stdout.o(.data) for __stdout
    printf2.o(i.__0vsnprintf$2) refers to printf2.o(i._printf_core) for _printf_core
    printf2.o(i.__0vsnprintf$2) refers to printf2.o(i._snputc) for _snputc
    printf2.o(i.__0vsprintf$2) refers to printf2.o(i._printf_core) for _printf_core
    printf2.o(i.__0vsprintf$2) refers to printf2.o(i._sputc) for _sputc
    printf3.o(i.__0fprintf$3) refers to printf3.o(i._printf_core) for _printf_core
    printf3.o(i.__0fprintf$3) refers to serial_debug.o(.text) for fputc
    printf3.o(i.__0printf$3) refers to printf3.o(i._printf_core) for _printf_core
    printf3.o(i.__0printf$3) refers to serial_debug.o(.text) for fputc
    printf3.o(i.__0printf$3) refers to stdout.o(.data) for __stdout
    printf3.o(i.__0snprintf$3) refers to printf3.o(i._printf_core) for _printf_core
    printf3.o(i.__0snprintf$3) refers to printf3.o(i._snputc) for _snputc
    printf3.o(i.__0sprintf$3) refers to printf3.o(i._printf_core) for _printf_core
    printf3.o(i.__0sprintf$3) refers to printf3.o(i._sputc) for _sputc
    printf3.o(i.__0vfprintf$3) refers to printf3.o(i._printf_core) for _printf_core
    printf3.o(i.__0vfprintf$3) refers to serial_debug.o(.text) for fputc
    printf3.o(i.__0vprintf$3) refers to printf3.o(i._printf_core) for _printf_core
    printf3.o(i.__0vprintf$3) refers to serial_debug.o(.text) for fputc
    printf3.o(i.__0vprintf$3) refers to stdout.o(.data) for __stdout
    printf3.o(i.__0vsnprintf$3) refers to printf3.o(i._printf_core) for _printf_core
    printf3.o(i.__0vsnprintf$3) refers to printf3.o(i._snputc) for _snputc
    printf3.o(i.__0vsprintf$3) refers to printf3.o(i._printf_core) for _printf_core
    printf3.o(i.__0vsprintf$3) refers to printf3.o(i._sputc) for _sputc
    printf3.o(i._printf_core) refers to uidiv.o(.text) for __aeabi_uidivmod
    printf4.o(i.__0fprintf$4) refers to printf4.o(i._printf_core) for _printf_core
    printf4.o(i.__0fprintf$4) refers to serial_debug.o(.text) for fputc
    printf4.o(i.__0printf$4) refers to printf4.o(i._printf_core) for _printf_core
    printf4.o(i.__0printf$4) refers to serial_debug.o(.text) for fputc
    printf4.o(i.__0printf$4) refers to stdout.o(.data) for __stdout
    printf4.o(i.__0snprintf$4) refers to printf4.o(i._printf_core) for _printf_core
    printf4.o(i.__0snprintf$4) refers to printf4.o(i._snputc) for _snputc
    printf4.o(i.__0sprintf$4) refers to printf4.o(i._printf_core) for _printf_core
    printf4.o(i.__0sprintf$4) refers to printf4.o(i._sputc) for _sputc
    printf4.o(i.__0vfprintf$4) refers to printf4.o(i._printf_core) for _printf_core
    printf4.o(i.__0vfprintf$4) refers to serial_debug.o(.text) for fputc
    printf4.o(i.__0vprintf$4) refers to printf4.o(i._printf_core) for _printf_core
    printf4.o(i.__0vprintf$4) refers to serial_debug.o(.text) for fputc
    printf4.o(i.__0vprintf$4) refers to stdout.o(.data) for __stdout
    printf4.o(i.__0vsnprintf$4) refers to printf4.o(i._printf_core) for _printf_core
    printf4.o(i.__0vsnprintf$4) refers to printf4.o(i._snputc) for _snputc
    printf4.o(i.__0vsprintf$4) refers to printf4.o(i._printf_core) for _printf_core
    printf4.o(i.__0vsprintf$4) refers to printf4.o(i._sputc) for _sputc
    printf4.o(i._printf_core) refers to uldiv.o(.text) for __aeabi_uldivmod
    printf5.o(i.__0fprintf$5) refers to printf5.o(i._printf_core) for _printf_core
    printf5.o(i.__0fprintf$5) refers to serial_debug.o(.text) for fputc
    printf5.o(i.__0printf$5) refers to printf5.o(i._printf_core) for _printf_core
    printf5.o(i.__0printf$5) refers to serial_debug.o(.text) for fputc
    printf5.o(i.__0printf$5) refers to stdout.o(.data) for __stdout
    printf5.o(i.__0snprintf$5) refers to printf5.o(i._printf_core) for _printf_core
    printf5.o(i.__0snprintf$5) refers to printf5.o(i._snputc) for _snputc
    printf5.o(i.__0sprintf$5) refers to printf5.o(i._printf_core) for _printf_core
    printf5.o(i.__0sprintf$5) refers to printf5.o(i._sputc) for _sputc
    printf5.o(i.__0vfprintf$5) refers to printf5.o(i._printf_core) for _printf_core
    printf5.o(i.__0vfprintf$5) refers to serial_debug.o(.text) for fputc
    printf5.o(i.__0vprintf$5) refers to printf5.o(i._printf_core) for _printf_core
    printf5.o(i.__0vprintf$5) refers to serial_debug.o(.text) for fputc
    printf5.o(i.__0vprintf$5) refers to stdout.o(.data) for __stdout
    printf5.o(i.__0vsnprintf$5) refers to printf5.o(i._printf_core) for _printf_core
    printf5.o(i.__0vsnprintf$5) refers to printf5.o(i._snputc) for _snputc
    printf5.o(i.__0vsprintf$5) refers to printf5.o(i._printf_core) for _printf_core
    printf5.o(i.__0vsprintf$5) refers to printf5.o(i._sputc) for _sputc
    printf5.o(i._printf_core) refers to uldiv.o(.text) for __aeabi_uldivmod
    printf6.o(i.__0fprintf$6) refers to printf6.o(i._printf_core) for _printf_core
    printf6.o(i.__0fprintf$6) refers to serial_debug.o(.text) for fputc
    printf6.o(i.__0printf$6) refers to printf6.o(i._printf_core) for _printf_core
    printf6.o(i.__0printf$6) refers to serial_debug.o(.text) for fputc
    printf6.o(i.__0printf$6) refers to stdout.o(.data) for __stdout
    printf6.o(i.__0snprintf$6) refers to printf6.o(i._printf_core) for _printf_core
    printf6.o(i.__0snprintf$6) refers to printf6.o(i._snputc) for _snputc
    printf6.o(i.__0sprintf$6) refers to printf6.o(i._printf_core) for _printf_core
    printf6.o(i.__0sprintf$6) refers to printf6.o(i._sputc) for _sputc
    printf6.o(i.__0vfprintf$6) refers to printf6.o(i._printf_core) for _printf_core
    printf6.o(i.__0vfprintf$6) refers to serial_debug.o(.text) for fputc
    printf6.o(i.__0vprintf$6) refers to printf6.o(i._printf_core) for _printf_core
    printf6.o(i.__0vprintf$6) refers to serial_debug.o(.text) for fputc
    printf6.o(i.__0vprintf$6) refers to stdout.o(.data) for __stdout
    printf6.o(i.__0vsnprintf$6) refers to printf6.o(i._printf_core) for _printf_core
    printf6.o(i.__0vsnprintf$6) refers to printf6.o(i._snputc) for _snputc
    printf6.o(i.__0vsprintf$6) refers to printf6.o(i._printf_core) for _printf_core
    printf6.o(i.__0vsprintf$6) refers to printf6.o(i._sputc) for _sputc
    printf6.o(i._printf_core) refers to printf6.o(i._printf_pre_padding) for _printf_pre_padding
    printf6.o(i._printf_core) refers to uidiv.o(.text) for __aeabi_uidivmod
    printf6.o(i._printf_core) refers to printf6.o(i._printf_post_padding) for _printf_post_padding
    printf7.o(i.__0fprintf$7) refers to printf7.o(i._printf_core) for _printf_core
    printf7.o(i.__0fprintf$7) refers to serial_debug.o(.text) for fputc
    printf7.o(i.__0printf$7) refers to printf7.o(i._printf_core) for _printf_core
    printf7.o(i.__0printf$7) refers to serial_debug.o(.text) for fputc
    printf7.o(i.__0printf$7) refers to stdout.o(.data) for __stdout
    printf7.o(i.__0snprintf$7) refers to printf7.o(i._printf_core) for _printf_core
    printf7.o(i.__0snprintf$7) refers to printf7.o(i._snputc) for _snputc
    printf7.o(i.__0sprintf$7) refers to printf7.o(i._printf_core) for _printf_core
    printf7.o(i.__0sprintf$7) refers to printf7.o(i._sputc) for _sputc
    printf7.o(i.__0vfprintf$7) refers to printf7.o(i._printf_core) for _printf_core
    printf7.o(i.__0vfprintf$7) refers to serial_debug.o(.text) for fputc
    printf7.o(i.__0vprintf$7) refers to printf7.o(i._printf_core) for _printf_core
    printf7.o(i.__0vprintf$7) refers to serial_debug.o(.text) for fputc
    printf7.o(i.__0vprintf$7) refers to stdout.o(.data) for __stdout
    printf7.o(i.__0vsnprintf$7) refers to printf7.o(i._printf_core) for _printf_core
    printf7.o(i.__0vsnprintf$7) refers to printf7.o(i._snputc) for _snputc
    printf7.o(i.__0vsprintf$7) refers to printf7.o(i._printf_core) for _printf_core
    printf7.o(i.__0vsprintf$7) refers to printf7.o(i._sputc) for _sputc
    printf7.o(i._printf_core) refers to printf7.o(i._printf_pre_padding) for _printf_pre_padding
    printf7.o(i._printf_core) refers to uldiv.o(.text) for __aeabi_uldivmod
    printf7.o(i._printf_core) refers to printf7.o(i._printf_post_padding) for _printf_post_padding
    printf8.o(i.__0fprintf$8) refers to printf8.o(i._printf_core) for _printf_core
    printf8.o(i.__0fprintf$8) refers to serial_debug.o(.text) for fputc
    printf8.o(i.__0printf$8) refers to printf8.o(i._printf_core) for _printf_core
    printf8.o(i.__0printf$8) refers to serial_debug.o(.text) for fputc
    printf8.o(i.__0printf$8) refers to stdout.o(.data) for __stdout
    printf8.o(i.__0snprintf$8) refers to printf8.o(i._printf_core) for _printf_core
    printf8.o(i.__0snprintf$8) refers to printf8.o(i._snputc) for _snputc
    printf8.o(i.__0sprintf$8) refers to printf8.o(i._printf_core) for _printf_core
    printf8.o(i.__0sprintf$8) refers to printf8.o(i._sputc) for _sputc
    printf8.o(i.__0vfprintf$8) refers to printf8.o(i._printf_core) for _printf_core
    printf8.o(i.__0vfprintf$8) refers to serial_debug.o(.text) for fputc
    printf8.o(i.__0vprintf$8) refers to printf8.o(i._printf_core) for _printf_core
    printf8.o(i.__0vprintf$8) refers to serial_debug.o(.text) for fputc
    printf8.o(i.__0vprintf$8) refers to stdout.o(.data) for __stdout
    printf8.o(i.__0vsnprintf$8) refers to printf8.o(i._printf_core) for _printf_core
    printf8.o(i.__0vsnprintf$8) refers to printf8.o(i._snputc) for _snputc
    printf8.o(i.__0vsprintf$8) refers to printf8.o(i._printf_core) for _printf_core
    printf8.o(i.__0vsprintf$8) refers to printf8.o(i._sputc) for _sputc
    printf8.o(i._printf_core) refers to printf8.o(i._printf_pre_padding) for _printf_pre_padding
    printf8.o(i._printf_core) refers to uldiv.o(.text) for __aeabi_uldivmod
    printf8.o(i._printf_core) refers to printf8.o(i._printf_post_padding) for _printf_post_padding
    printfa.o(i.__0fprintf) refers (Special) to iusefp.o(.text) for __I$use$fp
    printfa.o(i.__0fprintf) refers to printfa.o(i._printf_core) for _printf_core
    printfa.o(i.__0fprintf) refers to serial_debug.o(.text) for fputc
    printfa.o(i.__0printf) refers (Special) to iusefp.o(.text) for __I$use$fp
    printfa.o(i.__0printf) refers to printfa.o(i._printf_core) for _printf_core
    printfa.o(i.__0printf) refers to serial_debug.o(.text) for fputc
    printfa.o(i.__0printf) refers to stdout.o(.data) for __stdout
    printfa.o(i.__0snprintf) refers (Special) to iusefp.o(.text) for __I$use$fp
    printfa.o(i.__0snprintf) refers to printfa.o(i._printf_core) for _printf_core
    printfa.o(i.__0snprintf) refers to printfa.o(i._snputc) for _snputc
    printfa.o(i.__0sprintf) refers (Special) to iusefp.o(.text) for __I$use$fp
    printfa.o(i.__0sprintf) refers to printfa.o(i._printf_core) for _printf_core
    printfa.o(i.__0sprintf) refers to printfa.o(i._sputc) for _sputc
    printfa.o(i.__0vfprintf) refers (Special) to iusefp.o(.text) for __I$use$fp
    printfa.o(i.__0vfprintf) refers to printfa.o(i._printf_core) for _printf_core
    printfa.o(i.__0vfprintf) refers to serial_debug.o(.text) for fputc
    printfa.o(i.__0vprintf) refers (Special) to iusefp.o(.text) for __I$use$fp
    printfa.o(i.__0vprintf) refers to printfa.o(i._printf_core) for _printf_core
    printfa.o(i.__0vprintf) refers to serial_debug.o(.text) for fputc
    printfa.o(i.__0vprintf) refers to stdout.o(.data) for __stdout
    printfa.o(i.__0vsnprintf) refers (Special) to iusefp.o(.text) for __I$use$fp
    printfa.o(i.__0vsnprintf) refers to printfa.o(i._printf_core) for _printf_core
    printfa.o(i.__0vsnprintf) refers to printfa.o(i._snputc) for _snputc
    printfa.o(i.__0vsprintf) refers (Special) to iusefp.o(.text) for __I$use$fp
    printfa.o(i.__0vsprintf) refers to printfa.o(i._printf_core) for _printf_core
    printfa.o(i.__0vsprintf) refers to printfa.o(i._sputc) for _sputc
    printfa.o(i._fp_digits) refers (Special) to iusefp.o(.text) for __I$use$fp
    printfa.o(i._fp_digits) refers to dmul.o(.text) for __aeabi_dmul
    printfa.o(i._fp_digits) refers to ddiv.o(.text) for __aeabi_ddiv
    printfa.o(i._fp_digits) refers to cdrcmple.o(.text) for __aeabi_cdrcmple
    printfa.o(i._fp_digits) refers to dadd.o(.text) for __aeabi_dadd
    printfa.o(i._fp_digits) refers to dfixul.o(.text) for __aeabi_d2ulz
    printfa.o(i._fp_digits) refers to uldiv.o(.text) for __aeabi_uldivmod
    printfa.o(i._printf_core) refers (Special) to iusefp.o(.text) for __I$use$fp
    printfa.o(i._printf_core) refers to printfa.o(i._printf_pre_padding) for _printf_pre_padding
    printfa.o(i._printf_core) refers to uldiv.o(.text) for __aeabi_uldivmod
    printfa.o(i._printf_core) refers to printfa.o(i._printf_post_padding) for _printf_post_padding
    printfa.o(i._printf_core) refers to printfa.o(i._fp_digits) for _fp_digits
    printfa.o(i._printf_core) refers to uidiv.o(.text) for __aeabi_uidivmod
    printfa.o(i._printf_post_padding) refers (Special) to iusefp.o(.text) for __I$use$fp
    printfa.o(i._printf_pre_padding) refers (Special) to iusefp.o(.text) for __I$use$fp
    printfa.o(i._snputc) refers (Special) to iusefp.o(.text) for __I$use$fp
    printfa.o(i._sputc) refers (Special) to iusefp.o(.text) for __I$use$fp
    malloc.o(i.free) refers to mvars.o(.data) for __microlib_freelist
    malloc.o(i.malloc) refers to mvars.o(.data) for __microlib_freelist_initialised
    malloc.o(i.malloc) refers to mvars.o(.data) for __microlib_freelist
    malloc.o(i.malloc) refers to startup_tm4c123.o(HEAP) for __heap_base
    mallocr.o(i.__free$realloc) refers to mvars.o(.data) for __microlib_freelist
    mallocr.o(i.__malloc$realloc) refers to mallocr.o(i.internal_alloc) for internal_alloc
    mallocr.o(i.__malloc$realloc) refers to mvars.o(.data) for __microlib_freelist_initialised
    mallocr.o(i.__malloc$realloc) refers to startup_tm4c123.o(HEAP) for __heap_base
    mallocr.o(i.__malloc$realloc) refers to mvars.o(.data) for __microlib_freelist
    mallocr.o(i.internal_alloc) refers to memcpya.o(.text) for __aeabi_memcpy
    mallocr.o(i.internal_alloc) refers to mvars.o(.data) for __microlib_freelist
    mallocr.o(i.realloc) refers to mallocr.o(i.__free$realloc) for __free$realloc
    mallocr.o(i.realloc) refers to mallocr.o(i.internal_alloc) for internal_alloc
    mallocr.o(i.realloc) refers to mallocr.o(i.__malloc$realloc) for __malloc$realloc
    mallocr.o(i.realloc) refers to mvars.o(.data) for __microlib_freelist
    malloca.o(i.__aligned_malloc) refers to mvars.o(.data) for __microlib_freelist_initialised
    malloca.o(i.__aligned_malloc) refers to mvars.o(.data) for __microlib_freelist
    malloca.o(i.__aligned_malloc) refers to startup_tm4c123.o(HEAP) for __heap_base
    malloca.o(i.__free$memalign) refers to mvars.o(.data) for __microlib_freelist
    malloca.o(i.__malloc$memalign) refers to malloca.o(i.__aligned_malloc) for __aligned_malloc
    mallocra.o(i.__aligned_malloc$realloc) refers to mallocra.o(i.internal_alloc) for internal_alloc
    mallocra.o(i.__aligned_malloc$realloc) refers to mvars.o(.data) for __microlib_freelist_initialised
    mallocra.o(i.__aligned_malloc$realloc) refers to startup_tm4c123.o(HEAP) for __heap_base
    mallocra.o(i.__aligned_malloc$realloc) refers to mvars.o(.data) for __microlib_freelist
    mallocra.o(i.__free$realloc$memalign) refers to mvars.o(.data) for __microlib_freelist
    mallocra.o(i.__malloc$realloc$memalign) refers to mallocra.o(i.__aligned_malloc$realloc) for __aligned_malloc$realloc
    mallocra.o(i.__realloc$memalign) refers to mallocra.o(i.__free$realloc$memalign) for __free$realloc$memalign
    mallocra.o(i.__realloc$memalign) refers to mallocra.o(i.internal_alloc) for internal_alloc
    mallocra.o(i.__realloc$memalign) refers to mallocra.o(i.__malloc$realloc$memalign) for __malloc$realloc$memalign
    mallocra.o(i.__realloc$memalign) refers to mvars.o(.data) for __microlib_freelist
    mallocra.o(i.internal_alloc) refers to memcpya.o(.text) for __aeabi_memcpy
    mallocra.o(i.internal_alloc) refers to mvars.o(.data) for __microlib_freelist
    entry2.o(.ARM.Collect$$$$00000001) refers to entry2.o(.ARM.Collect$$$$00002712) for __lit__00000000
    entry2.o(.ARM.Collect$$$$00002712) refers to startup_tm4c123.o(STACK) for __initial_sp
    entry2.o(__vectab_stack_and_reset_area) refers to startup_tm4c123.o(STACK) for __initial_sp
    entry2.o(__vectab_stack_and_reset_area) refers to entry.o(.ARM.Collect$$$$00000000) for __main
    entry5.o(.ARM.Collect$$$$00000004) refers to init.o(.text) for __scatterload
    entry9a.o(.ARM.Collect$$$$0000000B) refers to main.o(.text) for main
    entry9b.o(.ARM.Collect$$$$0000000C) refers to main.o(.text) for main
    uldiv.o(.text) refers to llushr.o(.text) for __aeabi_llsr
    uldiv.o(.text) refers to llshl.o(.text) for __aeabi_llsl
    dadd.o(.text) refers to llshl.o(.text) for __aeabi_llsl
    dadd.o(.text) refers to llsshr.o(.text) for __aeabi_lasr
    dadd.o(.text) refers to depilogue.o(.text) for _double_epilogue
    dmul.o(.text) refers to depilogue.o(.text) for _double_epilogue
    ddiv.o(.text) refers to depilogue.o(.text) for _double_round
    dfixul.o(.text) refers to llushr.o(.text) for __aeabi_llsr
    dfixul.o(.text) refers to llshl.o(.text) for __aeabi_llsl
    init.o(.text) refers to entry5.o(.ARM.Collect$$$$00000004) for __main_after_scatterload
    depilogue.o(.text) refers to llshl.o(.text) for __aeabi_llsl
    depilogue.o(.text) refers to llushr.o(.text) for __aeabi_llsr


==============================================================================

Removing Unused input sections from the image.

    Removing main.o(.rev16_text), (4 bytes).
    Removing main.o(.revsh_text), (4 bytes).
    Removing main.o(.rrx_text), (6 bytes).
    Removing project_hardware_init.o(.rev16_text), (4 bytes).
    Removing project_hardware_init.o(.revsh_text), (4 bytes).
    Removing project_hardware_init.o(.rrx_text), (6 bytes).
    Removing project_interrupts.o(.rev16_text), (4 bytes).
    Removing project_interrupts.o(.revsh_text), (4 bytes).
    Removing project_interrupts.o(.rrx_text), (6 bytes).
    Removing adc.o(.rev16_text), (4 bytes).
    Removing adc.o(.revsh_text), (4 bytes).
    Removing adc.o(.rrx_text), (6 bytes).
    Removing gpio_port.o(.rev16_text), (4 bytes).
    Removing gpio_port.o(.revsh_text), (4 bytes).
    Removing gpio_port.o(.rrx_text), (6 bytes).
    Removing i2c.o(.rev16_text), (4 bytes).
    Removing i2c.o(.revsh_text), (4 bytes).
    Removing i2c.o(.rrx_text), (6 bytes).
    Removing i2c.o(.text), (520 bytes).
    Removing spi.o(.rev16_text), (4 bytes).
    Removing spi.o(.revsh_text), (4 bytes).
    Removing spi.o(.rrx_text), (6 bytes).
    Removing spi.o(.text), (352 bytes).
    Removing timers.o(.rev16_text), (4 bytes).
    Removing timers.o(.revsh_text), (4 bytes).
    Removing timers.o(.rrx_text), (6 bytes).
    Removing uart.o(.rev16_text), (4 bytes).
    Removing uart.o(.revsh_text), (4 bytes).
    Removing uart.o(.rrx_text), (6 bytes).
    Removing accel.o(.rev16_text), (4 bytes).
    Removing accel.o(.revsh_text), (4 bytes).
    Removing accel.o(.rrx_text), (6 bytes).
    Removing accel.o(.text), (224 bytes).
    Removing eeprom.o(.rev16_text), (4 bytes).
    Removing eeprom.o(.revsh_text), (4 bytes).
    Removing eeprom.o(.rrx_text), (6 bytes).
    Removing eeprom.o(.text), (460 bytes).
    Removing ft6x06.o(.rev16_text), (4 bytes).
    Removing ft6x06.o(.revsh_text), (4 bytes).
    Removing ft6x06.o(.rrx_text), (6 bytes).
    Removing ft6x06.o(.text), (376 bytes).
    Removing launchpad_io.o(.rev16_text), (4 bytes).
    Removing launchpad_io.o(.revsh_text), (4 bytes).
    Removing launchpad_io.o(.rrx_text), (6 bytes).
    Removing launchpad_io.o(.text), (244 bytes).
    Removing lcd.o(.rev16_text), (4 bytes).
    Removing lcd.o(.revsh_text), (4 bytes).
    Removing lcd.o(.rrx_text), (6 bytes).
    Removing ps2.o(.rev16_text), (4 bytes).
    Removing ps2.o(.revsh_text), (4 bytes).
    Removing ps2.o(.rrx_text), (6 bytes).
    Removing serial_debug.o(.rev16_text), (4 bytes).
    Removing serial_debug.o(.revsh_text), (4 bytes).
    Removing serial_debug.o(.rrx_text), (6 bytes).
    Removing spi_select.o(.rev16_text), (4 bytes).
    Removing spi_select.o(.revsh_text), (4 bytes).
    Removing spi_select.o(.rrx_text), (6 bytes).
    Removing spi_select.o(.text), (164 bytes).
    Removing ws2812b.o(FLASH), (160 bytes).
    Removing system_tm4c123.o(.rev16_text), (4 bytes).
    Removing system_tm4c123.o(.revsh_text), (4 bytes).
    Removing system_tm4c123.o(.rrx_text), (6 bytes).
    Removing dadd.o(.text), (334 bytes).
    Removing dmul.o(.text), (228 bytes).
    Removing ddiv.o(.text), (222 bytes).
    Removing dfixul.o(.text), (48 bytes).
    Removing cdrcmple.o(.text), (48 bytes).
    Removing depilogue.o(.text), (186 bytes).

68 unused section(s) (total 3818 bytes) removed from the image.

==============================================================================

Image Symbol Table

    Local Symbols

    Symbol Name                              Value     Ov Type        Size  Object(Section)

    RESET                                    0x00000000   Section      620  startup_tm4c123.o(RESET)
    ../clib/microlib/division.c              0x00000000   Number         0  uidiv.o ABSOLUTE
    ../clib/microlib/division.c              0x00000000   Number         0  uldiv.o ABSOLUTE
    ../clib/microlib/init/entry.s            0x00000000   Number         0  entry10b.o ABSOLUTE
    ../clib/microlib/init/entry.s            0x00000000   Number         0  entry10a.o ABSOLUTE
    ../clib/microlib/init/entry.s            0x00000000   Number         0  entry9b.o ABSOLUTE
    ../clib/microlib/init/entry.s            0x00000000   Number         0  entry8b.o ABSOLUTE
    ../clib/microlib/init/entry.s            0x00000000   Number         0  entry5.o ABSOLUTE
    ../clib/microlib/init/entry.s            0x00000000   Number         0  entry7b.o ABSOLUTE
    ../clib/microlib/init/entry.s            0x00000000   Number         0  entry9a.o ABSOLUTE
    ../clib/microlib/init/entry.s            0x00000000   Number         0  entry2.o ABSOLUTE
    ../clib/microlib/init/entry.s            0x00000000   Number         0  entry.o ABSOLUTE
    ../clib/microlib/init/entry.s            0x00000000   Number         0  entry8a.o ABSOLUTE
    ../clib/microlib/init/entry.s            0x00000000   Number         0  entry7a.o ABSOLUTE
    ../clib/microlib/init/entry.s            0x00000000   Number         0  entry11b.o ABSOLUTE
    ../clib/microlib/init/entry.s            0x00000000   Number         0  entry11a.o ABSOLUTE
    ../clib/microlib/longlong.c              0x00000000   Number         0  llsshr.o ABSOLUTE
    ../clib/microlib/longlong.c              0x00000000   Number         0  llushr.o ABSOLUTE
    ../clib/microlib/longlong.c              0x00000000   Number         0  llshl.o ABSOLUTE
    ../clib/microlib/malloc/malloc.c         0x00000000   Number         0  mallocra.o ABSOLUTE
    ../clib/microlib/malloc/malloc.c         0x00000000   Number         0  malloc.o ABSOLUTE
    ../clib/microlib/malloc/malloc.c         0x00000000   Number         0  mallocr.o ABSOLUTE
    ../clib/microlib/malloc/malloc.c         0x00000000   Number         0  malloca.o ABSOLUTE
    ../clib/microlib/malloc/mvars.c          0x00000000   Number         0  mvars.o ABSOLUTE
    ../clib/microlib/printf/printf.c         0x00000000   Number         0  printf5.o ABSOLUTE
    ../clib/microlib/printf/printf.c         0x00000000   Number         0  printf3.o ABSOLUTE
    ../clib/microlib/printf/printf.c         0x00000000   Number         0  printfa.o ABSOLUTE
    ../clib/microlib/printf/printf.c         0x00000000   Number         0  printf7.o ABSOLUTE
    ../clib/microlib/printf/printf.c         0x00000000   Number         0  printf4.o ABSOLUTE
    ../clib/microlib/printf/printf.c         0x00000000   Number         0  printf8.o ABSOLUTE
    ../clib/microlib/printf/printf.c         0x00000000   Number         0  printf2.o ABSOLUTE
    ../clib/microlib/printf/printf.c         0x00000000   Number         0  printf1.o ABSOLUTE
    ../clib/microlib/printf/printf.c         0x00000000   Number         0  printfb.o ABSOLUTE
    ../clib/microlib/printf/printf.c         0x00000000   Number         0  printf6.o ABSOLUTE
    ../clib/microlib/printf/printf.c         0x00000000   Number         0  printf0.o ABSOLUTE
    ../clib/microlib/printf/stubs.s          0x00000000   Number         0  stubs.o ABSOLUTE
    ../clib/microlib/stdio/streams.c         0x00000000   Number         0  stdout.o ABSOLUTE
    ../clib/microlib/string/memcpy.c         0x00000000   Number         0  memcpyb.o ABSOLUTE
    ../clib/microlib/string/memcpy.c         0x00000000   Number         0  memcpya.o ABSOLUTE
    ../clib/microlib/string/memset.c         0x00000000   Number         0  memseta.o ABSOLUTE
    ../clib/microlib/stubs.s                 0x00000000   Number         0  iusefp.o ABSOLUTE
    ../fplib/microlib/fpadd.c                0x00000000   Number         0  dadd.o ABSOLUTE
    ../fplib/microlib/fpdiv.c                0x00000000   Number         0  ddiv.o ABSOLUTE
    ../fplib/microlib/fpepilogue.c           0x00000000   Number         0  depilogue.o ABSOLUTE
    ../fplib/microlib/fpfix.c                0x00000000   Number         0  dfixul.o ABSOLUTE
    ../fplib/microlib/fpmul.c                0x00000000   Number         0  dmul.o ABSOLUTE
    ..\\drivers\\c\\adc.c                    0x00000000   Number         0  adc.o ABSOLUTE
    ..\\drivers\\c\\gpio_port.c              0x00000000   Number         0  gpio_port.o ABSOLUTE
    ..\\drivers\\c\\i2c.c                    0x00000000   Number         0  i2c.o ABSOLUTE
    ..\\drivers\\c\\spi.c                    0x00000000   Number         0  spi.o ABSOLUTE
    ..\\drivers\\c\\timers.c                 0x00000000   Number         0  timers.o ABSOLUTE
    ..\\drivers\\c\\uart.c                   0x00000000   Number         0  uart.o ABSOLUTE
    ..\\peripherals\\c\\accel.c              0x00000000   Number         0  accel.o ABSOLUTE
    ..\\peripherals\\c\\eeprom.c             0x00000000   Number         0  eeprom.o ABSOLUTE
    ..\\peripherals\\c\\ft6x06.c             0x00000000   Number         0  ft6x06.o ABSOLUTE
    ..\\peripherals\\c\\launchpad_io.c       0x00000000   Number         0  launchpad_io.o ABSOLUTE
    ..\\peripherals\\c\\lcd.c                0x00000000   Number         0  lcd.o ABSOLUTE
    ..\\peripherals\\c\\ps2.c                0x00000000   Number         0  ps2.o ABSOLUTE
    ..\\peripherals\\c\\serial_debug.c       0x00000000   Number         0  serial_debug.o ABSOLUTE
    ..\\peripherals\\c\\spi_select.c         0x00000000   Number         0  spi_select.o ABSOLUTE
    ..\drivers\c\adc.c                       0x00000000   Number         0  adc.o ABSOLUTE
    ..\drivers\c\gpio_port.c                 0x00000000   Number         0  gpio_port.o ABSOLUTE
    ..\drivers\c\i2c.c                       0x00000000   Number         0  i2c.o ABSOLUTE
    ..\drivers\c\pc_buffer.c                 0x00000000   Number         0  pc_buffer.o ABSOLUTE
    ..\drivers\c\spi.c                       0x00000000   Number         0  spi.o ABSOLUTE
    ..\drivers\c\timers.c                    0x00000000   Number         0  timers.o ABSOLUTE
    ..\drivers\c\uart.c                      0x00000000   Number         0  uart.o ABSOLUTE
    ..\peripherals\c\accel.c                 0x00000000   Number         0  accel.o ABSOLUTE
    ..\peripherals\c\eeprom.c                0x00000000   Number         0  eeprom.o ABSOLUTE
    ..\peripherals\c\ft6x06.c                0x00000000   Number         0  ft6x06.o ABSOLUTE
    ..\peripherals\c\launchpad_io.c          0x00000000   Number         0  launchpad_io.o ABSOLUTE
    ..\peripherals\c\lcd.c                   0x00000000   Number         0  lcd.o ABSOLUTE
    ..\peripherals\c\ps2.c                   0x00000000   Number         0  ps2.o ABSOLUTE
    ..\peripherals\c\serial_debug.c          0x00000000   Number         0  serial_debug.o ABSOLUTE
    ..\peripherals\c\spi_select.c            0x00000000   Number         0  spi_select.o ABSOLUTE
    ..\peripherals\c\ws2812b.s               0x00000000   Number         0  ws2812b.o ABSOLUTE
    RTE\Device\TM4C123GH6PM\startup_TM4C123.s 0x00000000   Number         0  startup_tm4c123.o ABSOLUTE
    RTE\Device\TM4C123GH6PM\system_TM4C123.c 0x00000000   Number         0  system_tm4c123.o ABSOLUTE
    RTE\\Device\\TM4C123GH6PM\\system_TM4C123.c 0x00000000   Number         0  system_tm4c123.o ABSOLUTE
    cdrcmple.s                               0x00000000   Number         0  cdrcmple.o ABSOLUTE
    dc.s                                     0x00000000   Number         0  dc.o ABSOLUTE
    handlers.s                               0x00000000   Number         0  handlers.o ABSOLUTE
    init.s                                   0x00000000   Number         0  init.o ABSOLUTE
    lcd_images.c                             0x00000000   Number         0  lcd_images.o ABSOLUTE
    main.c                                   0x00000000   Number         0  main.o ABSOLUTE
    main.c                                   0x00000000   Number         0  main.o ABSOLUTE
    project_hardware_init.c                  0x00000000   Number         0  project_hardware_init.o ABSOLUTE
    project_hardware_init.c                  0x00000000   Number         0  project_hardware_init.o ABSOLUTE
    project_interrupts.c                     0x00000000   Number         0  project_interrupts.o ABSOLUTE
    project_interrupts.c                     0x00000000   Number         0  project_interrupts.o ABSOLUTE
    .ARM.Collect$$$$00000000                 0x0000026c   Section        0  entry.o(.ARM.Collect$$$$00000000)
    .ARM.Collect$$$$00000001                 0x0000026c   Section        4  entry2.o(.ARM.Collect$$$$00000001)
    .ARM.Collect$$$$00000004                 0x00000270   Section        4  entry5.o(.ARM.Collect$$$$00000004)
    .ARM.Collect$$$$00000008                 0x00000274   Section        0  entry7b.o(.ARM.Collect$$$$00000008)
    .ARM.Collect$$$$0000000A                 0x00000274   Section        0  entry8b.o(.ARM.Collect$$$$0000000A)
    .ARM.Collect$$$$0000000B                 0x00000274   Section        8  entry9a.o(.ARM.Collect$$$$0000000B)
    .ARM.Collect$$$$0000000D                 0x0000027c   Section        0  entry10a.o(.ARM.Collect$$$$0000000D)
    .ARM.Collect$$$$0000000F                 0x0000027c   Section        0  entry11a.o(.ARM.Collect$$$$0000000F)
    .ARM.Collect$$$$00002712                 0x0000027c   Section        4  entry2.o(.ARM.Collect$$$$00002712)
    __lit__00000000                          0x0000027c   Data           4  entry2.o(.ARM.Collect$$$$00002712)
    .text                                    0x00000280   Section        0  main.o(.text)
    .text                                    0x00000784   Section        0  project_hardware_init.o(.text)
    .text                                    0x0000081c   Section        0  project_interrupts.o(.text)
    .text                                    0x000008ec   Section        0  adc.o(.text)
    .text                                    0x0000098c   Section        0  gpio_port.o(.text)
    verify_base_addr                         0x0000098d   Thumb Code    64  gpio_port.o(.text)
    .text                                    0x00000c20   Section        0  pc_buffer.o(.text)
    .text                                    0x00000c9c   Section        0  timers.o(.text)
    verify_base_addr                         0x00000c9d   Thumb Code    64  timers.o(.text)
    get_clock_masks                          0x00000d27   Thumb Code   106  timers.o(.text)
    .text                                    0x00000ee4   Section        0  uart.o(.text)
    .text                                    0x00001174   Section        0  lcd.o(.text)
    delayms                                  0x00001175   Thumb Code    26  lcd.o(.text)
    lcd_write_cmd_u8                         0x0000118f   Thumb Code    40  lcd.o(.text)
    lcd_write_data_u8                        0x000011b7   Thumb Code    28  lcd.o(.text)
    .text                                    0x00001618   Section        0  ps2.o(.text)
    initialize_adc_gpio_pins                 0x00001619   Thumb Code    34  ps2.o(.text)
    ps2_configure_adc                        0x0000163b   Thumb Code   118  ps2.o(.text)
    .text                                    0x00001750   Section        0  serial_debug.o(.text)
    .text                                    0x00001990   Section      252  startup_tm4c123.o(.text)
    $v0                                      0x00001990   Number         0  startup_tm4c123.o(.text)
    .text                                    0x00001a8c   Section        0  system_tm4c123.o(.text)
    getOscClk                                0x00001a8d   Thumb Code   182  system_tm4c123.o(.text)
    .text                                    0x00001cdc   Section        0  memseta.o(.text)
    .text                                    0x00001d00   Section        0  uidiv.o(.text)
    .text                                    0x00001d2c   Section       36  init.o(.text)
    i.__0printf$1                            0x00001d50   Section        0  printf1.o(i.__0printf$1)
    i.__scatterload_copy                     0x00001d70   Section       14  handlers.o(i.__scatterload_copy)
    i.__scatterload_null                     0x00001d7e   Section        2  handlers.o(i.__scatterload_null)
    i.__scatterload_zeroinit                 0x00001d80   Section       14  handlers.o(i.__scatterload_zeroinit)
    i._printf_core                           0x00001d90   Section        0  printf1.o(i._printf_core)
    _printf_core                             0x00001d91   Thumb Code   336  printf1.o(i._printf_core)
    i.lcd_write_data_u16                     0x00001ee4   Section        0  lcd.o(i.lcd_write_data_u16)
    i.malloc                                 0x00001f20   Section        0  malloc.o(i.malloc)
    .constdata                               0x00001f8c   Section      362  lcd_images.o(.constdata)
    .data                                    0x20000000   Section        8  main.o(.data)
    trail_decimator                          0x20000004   Data           4  main.o(.data)
    .data                                    0x20000008   Section        5  project_interrupts.o(.data)
    PS2_X_DATA                               0x20000008   Data           2  project_interrupts.o(.data)
    PS2_Y_DATA                               0x2000000a   Data           2  project_interrupts.o(.data)
    PS2_DIR                                  0x2000000c   Data           1  project_interrupts.o(.data)
    .data                                    0x2000000d   Section        2  serial_debug.o(.data)
    Rx_Interrupts_Enabled                    0x2000000d   Data           1  serial_debug.o(.data)
    Tx_Interrupts_Enabled                    0x2000000e   Data           1  serial_debug.o(.data)
    .data                                    0x20000010   Section        4  system_tm4c123.o(.data)
    .data                                    0x20000014   Section        4  stdout.o(.data)
    .data                                    0x20000018   Section        4  mvars.o(.data)
    .data                                    0x2000001c   Section        4  mvars.o(.data)
    .bss                                     0x20000020   Section    16088  main.o(.bss)
    .bss                                     0x20003ef8   Section       28  serial_debug.o(.bss)
    HEAP                                     0x20003f18   Section        0  startup_tm4c123.o(HEAP)
    STACK                                    0x20003f18   Section     4096  startup_tm4c123.o(STACK)

    Global Symbols

    Symbol Name                              Value     Ov Type        Size  Object(Section)

    BuildAttributes$$THM_ISAv4$E$P$D$K$B$S$7EM$VFPi3$EXTD16$VFPS$VFMA$PE$A:L22UL41UL21$X:L11$S22US41US21$IEEE1$IW$USESV6$~STKCKD$USESV7$~SHL$OSPACE$ROPI$EBA8$MICROLIB$REQ8$EABIv2 0x00000000   Number         0  anon$$obj.o ABSOLUTE
    __ARM_use_no_argv                        0x00000000   Number         0  main.o ABSOLUTE
    __Vectors                                0x00000000   Data           4  startup_tm4c123.o(RESET)
    _printf_a                                0x00000000   Number         0  stubs.o ABSOLUTE
    _printf_c                                0x00000000   Number         0  stubs.o ABSOLUTE
    _printf_charcount                        0x00000000   Number         0  stubs.o ABSOLUTE
    _printf_d                                0x00000000   Number         0  stubs.o ABSOLUTE
    _printf_e                                0x00000000   Number         0  stubs.o ABSOLUTE
    _printf_f                                0x00000000   Number         0  stubs.o ABSOLUTE
    _printf_flags                            0x00000000   Number         0  stubs.o ABSOLUTE
    _printf_fp_dec                           0x00000000   Number         0  stubs.o ABSOLUTE
    _printf_fp_hex                           0x00000000   Number         0  stubs.o ABSOLUTE
    _printf_g                                0x00000000   Number         0  stubs.o ABSOLUTE
    _printf_i                                0x00000000   Number         0  stubs.o ABSOLUTE
    _printf_int_dec                          0x00000000   Number         0  stubs.o ABSOLUTE
    _printf_l                                0x00000000   Number         0  stubs.o ABSOLUTE
    _printf_lc                               0x00000000   Number         0  stubs.o ABSOLUTE
    _printf_ll                               0x00000000   Number         0  stubs.o ABSOLUTE
    _printf_lld                              0x00000000   Number         0  stubs.o ABSOLUTE
    _printf_lli                              0x00000000   Number         0  stubs.o ABSOLUTE
    _printf_llo                              0x00000000   Number         0  stubs.o ABSOLUTE
    _printf_llu                              0x00000000   Number         0  stubs.o ABSOLUTE
    _printf_llx                              0x00000000   Number         0  stubs.o ABSOLUTE
    _printf_longlong_dec                     0x00000000   Number         0  stubs.o ABSOLUTE
    _printf_longlong_hex                     0x00000000   Number         0  stubs.o ABSOLUTE
    _printf_longlong_oct                     0x00000000   Number         0  stubs.o ABSOLUTE
    _printf_ls                               0x00000000   Number         0  stubs.o ABSOLUTE
    _printf_mbtowc                           0x00000000   Number         0  stubs.o ABSOLUTE
    _printf_n                                0x00000000   Number         0  stubs.o ABSOLUTE
    _printf_o                                0x00000000   Number         0  stubs.o ABSOLUTE
    _printf_p                                0x00000000   Number         0  stubs.o ABSOLUTE
    _printf_percent                          0x00000000   Number         0  stubs.o ABSOLUTE
    _printf_pre_padding                      0x00000000   Number         0  stubs.o ABSOLUTE
    _printf_return_value                     0x00000000   Number         0  stubs.o ABSOLUTE
    _printf_s                                0x00000000   Number         0  stubs.o ABSOLUTE
    _printf_sizespec                         0x00000000   Number         0  stubs.o ABSOLUTE
    _printf_str                              0x00000000   Number         0  stubs.o ABSOLUTE
    _printf_truncate_signed                  0x00000000   Number         0  stubs.o ABSOLUTE
    _printf_truncate_unsigned                0x00000000   Number         0  stubs.o ABSOLUTE
    _printf_u                                0x00000000   Number         0  stubs.o ABSOLUTE
    _printf_wc                               0x00000000   Number         0  stubs.o ABSOLUTE
    _printf_wctomb                           0x00000000   Number         0  stubs.o ABSOLUTE
    _printf_widthprec                        0x00000000   Number         0  stubs.o ABSOLUTE
    _printf_x                                0x00000000   Number         0  stubs.o ABSOLUTE
    __cpp_initialize__aeabi_                  - Undefined Weak Reference
    __cxa_finalize                            - Undefined Weak Reference
    __decompress                              - Undefined Weak Reference
    _clock_init                               - Undefined Weak Reference
    _microlib_exit                            - Undefined Weak Reference
    __Vectors_End                            0x0000026c   Data           0  startup_tm4c123.o(RESET)
    __Vectors_Size                           0x0000026c   Number         0  startup_tm4c123.o ABSOLUTE
    __main                                   0x0000026d   Thumb Code     0  entry.o(.ARM.Collect$$$$00000000)
    _main_stk                                0x0000026d   Thumb Code     0  entry2.o(.ARM.Collect$$$$00000001)
    _main_scatterload                        0x00000271   Thumb Code     0  entry5.o(.ARM.Collect$$$$00000004)
    __main_after_scatterload                 0x00000275   Thumb Code     0  entry5.o(.ARM.Collect$$$$00000004)
    _main_clock                              0x00000275   Thumb Code     0  entry7b.o(.ARM.Collect$$$$00000008)
    _main_cpp_init                           0x00000275   Thumb Code     0  entry8b.o(.ARM.Collect$$$$0000000A)
    _main_init                               0x00000275   Thumb Code     0  entry9a.o(.ARM.Collect$$$$0000000B)
    __rt_final_cpp                           0x0000027d   Thumb Code     0  entry10a.o(.ARM.Collect$$$$0000000D)
    __rt_final_exit                          0x0000027d   Thumb Code     0  entry11a.o(.ARM.Collect$$$$0000000F)
    calc_player_bounds                       0x00000281   Thumb Code    88  main.o(.text)
    set_player_direction                     0x000002d9   Thumb Code   108  main.o(.text)
    init_game                                0x00000345   Thumb Code    60  main.o(.text)
    draw_trail                               0x00000381   Thumb Code    94  main.o(.text)
    game_loop                                0x000003df   Thumb Code   112  main.o(.text)
    DisableInterrupts                        0x0000044f   Thumb Code     4  main.o(.text)
    EnableInterrupts                         0x00000453   Thumb Code     4  main.o(.text)
    initializeBoard                          0x00000457   Thumb Code    24  main.o(.text)
    main                                     0x0000046f   Thumb Code    48  main.o(.text)
    move_player                              0x0000049f   Thumb Code    56  main.o(.text)
    player1_input                            0x000004d7   Thumb Code    32  main.o(.text)
    add_trail                                0x000004f7   Thumb Code    62  main.o(.text)
    check_trail_collision                    0x00000535   Thumb Code   146  main.o(.text)
    check_world_collision                    0x000005c7   Thumb Code    32  main.o(.text)
    check_collision                          0x000005e7   Thumb Code    42  main.o(.text)
    update_p1                                0x00000611   Thumb Code    52  main.o(.text)
    init_hardware                            0x00000785   Thumb Code    78  project_hardware_init.o(.text)
    ps2_get_direction                        0x0000081d   Thumb Code    68  project_interrupts.o(.text)
    TIMER1A_Handler                          0x00000861   Thumb Code    14  project_interrupts.o(.text)
    TIMER2A_Handler                          0x0000086f   Thumb Code    20  project_interrupts.o(.text)
    TIMER4A_Handler                          0x00000883   Thumb Code    26  project_interrupts.o(.text)
    ADC0SS2_Handler                          0x0000089d   Thumb Code    52  project_interrupts.o(.text)
    initialize_adc                           0x000008ed   Thumb Code    90  adc.o(.text)
    get_adc_value                            0x00000947   Thumb Code    58  adc.o(.text)
    gpio_get_irq_num                         0x000009cd   Thumb Code    74  gpio_port.o(.text)
    gpio_enable_port                         0x00000a17   Thumb Code   156  gpio_port.o(.text)
    gpio_config_digital_enable               0x00000ab3   Thumb Code    34  gpio_port.o(.text)
    gpio_config_enable_output                0x00000ad5   Thumb Code    34  gpio_port.o(.text)
    gpio_config_enable_input                 0x00000af7   Thumb Code    34  gpio_port.o(.text)
    gpio_config_enable_pullup                0x00000b19   Thumb Code    34  gpio_port.o(.text)
    gpio_config_enable_pulldown              0x00000b3b   Thumb Code    34  gpio_port.o(.text)
    gpio_config_analog_enable                0x00000b5d   Thumb Code    34  gpio_port.o(.text)
    gpio_config_alternate_function           0x00000b7f   Thumb Code    34  gpio_port.o(.text)
    gpio_config_port_control                 0x00000ba1   Thumb Code    54  gpio_port.o(.text)
    gpio_config_open_drain                   0x00000bd7   Thumb Code    34  gpio_port.o(.text)
    gpio_config_falling_edge_irq             0x00000bf9   Thumb Code     6  gpio_port.o(.text)
    pc_buffer_init                           0x00000c21   Thumb Code    26  pc_buffer.o(.text)
    pc_buffer_add                            0x00000c3b   Thumb Code    28  pc_buffer.o(.text)
    pc_buffer_remove                         0x00000c57   Thumb Code    30  pc_buffer.o(.text)
    pc_buffer_empty                          0x00000c75   Thumb Code    18  pc_buffer.o(.text)
    pc_buffer_full                           0x00000c87   Thumb Code    22  pc_buffer.o(.text)
    timer_get_irq_num                        0x00000cdd   Thumb Code    74  timers.o(.text)
    gp_timer_wait                            0x00000d91   Thumb Code    64  timers.o(.text)
    gp_timer_config_32                       0x00000dd1   Thumb Code   252  timers.o(.text)
    verify_uart_base                         0x00000ee5   Thumb Code    54  uart.o(.text)
    uart_get_rcgc_mask                       0x00000f1b   Thumb Code    68  uart.o(.text)
    uart_get_pr_mask                         0x00000f5f   Thumb Code    68  uart.o(.text)
    uart_get_irq_num                         0x00000fa3   Thumb Code    68  uart.o(.text)
    uart_tx_poll                             0x00000fe7   Thumb Code    38  uart.o(.text)
    uart_tx_poll_string                      0x0000100d   Thumb Code    50  uart.o(.text)
    uart_rx_poll                             0x0000103f   Thumb Code    70  uart.o(.text)
    uart_init                                0x00001085   Thumb Code   218  uart.o(.text)
    lcd_set_pos                              0x000011d3   Thumb Code    58  lcd.o(.text)
    lcd_clear_screen                         0x0000120d   Thumb Code    52  lcd.o(.text)
    lcd_draw_image                           0x00001241   Thumb Code   242  lcd.o(.text)
    lcd_config_gpio                          0x00001333   Thumb Code   174  lcd.o(.text)
    lcd_config_screen                        0x000013e1   Thumb Code   566  lcd.o(.text)
    ps2_initialize_adc                       0x000016b1   Thumb Code    88  ps2.o(.text)
    ps2_initialize                           0x00001709   Thumb Code    12  ps2.o(.text)
    ps2_get_x                                0x00001715   Thumb Code    18  ps2.o(.text)
    ps2_get_y                                0x00001727   Thumb Code    18  ps2.o(.text)
    init_serial_debug                        0x00001751   Thumb Code    96  serial_debug.o(.text)
    serial_debug_rx                          0x000017b1   Thumb Code    46  serial_debug.o(.text)
    serial_debug_tx                          0x000017df   Thumb Code    84  serial_debug.o(.text)
    fputc                                    0x00001833   Thumb Code    66  serial_debug.o(.text)
    fgetc                                    0x00001875   Thumb Code    50  serial_debug.o(.text)
    UART0_Handler                            0x000018a7   Thumb Code   160  serial_debug.o(.text)
    Reset_Handler                            0x00001991   Thumb Code     8  startup_tm4c123.o(.text)
    NMI_Handler                              0x00001999   Thumb Code     2  startup_tm4c123.o(.text)
    HardFault_Handler                        0x0000199b   Thumb Code     2  startup_tm4c123.o(.text)
    MemManage_Handler                        0x0000199d   Thumb Code     2  startup_tm4c123.o(.text)
    BusFault_Handler                         0x0000199f   Thumb Code     2  startup_tm4c123.o(.text)
    UsageFault_Handler                       0x000019a1   Thumb Code     2  startup_tm4c123.o(.text)
    SVC_Handler                              0x000019a3   Thumb Code     2  startup_tm4c123.o(.text)
    DebugMon_Handler                         0x000019a5   Thumb Code     2  startup_tm4c123.o(.text)
    PendSV_Handler                           0x000019a7   Thumb Code     2  startup_tm4c123.o(.text)
    SysTick_Handler                          0x000019a9   Thumb Code     2  startup_tm4c123.o(.text)
    GPIOA_Handler                            0x000019ab   Thumb Code     2  startup_tm4c123.o(.text)
    GPIOB_Handler                            0x000019ad   Thumb Code     2  startup_tm4c123.o(.text)
    GPIOC_Handler                            0x000019af   Thumb Code     2  startup_tm4c123.o(.text)
    GPIOD_Handler                            0x000019b1   Thumb Code     2  startup_tm4c123.o(.text)
    GPIOE_Handler                            0x000019b3   Thumb Code     2  startup_tm4c123.o(.text)
    UART1_Handler                            0x000019b7   Thumb Code     2  startup_tm4c123.o(.text)
    SSI0_Handler                             0x000019b9   Thumb Code     2  startup_tm4c123.o(.text)
    I2C0_Handler                             0x000019bb   Thumb Code     2  startup_tm4c123.o(.text)
    PMW0_FAULT_Handler                       0x000019bd   Thumb Code     2  startup_tm4c123.o(.text)
    PWM0_0_Handler                           0x000019bf   Thumb Code     2  startup_tm4c123.o(.text)
    PWM0_1_Handler                           0x000019c1   Thumb Code     2  startup_tm4c123.o(.text)
    PWM0_2_Handler                           0x000019c3   Thumb Code     2  startup_tm4c123.o(.text)
    QEI0_Handler                             0x000019c5   Thumb Code     2  startup_tm4c123.o(.text)
    ADC0SS0_Handler                          0x000019c7   Thumb Code     2  startup_tm4c123.o(.text)
    ADC0SS1_Handler                          0x000019c9   Thumb Code     2  startup_tm4c123.o(.text)
    ADC0SS3_Handler                          0x000019cd   Thumb Code     2  startup_tm4c123.o(.text)
    WDT0_Handler                             0x000019cf   Thumb Code     2  startup_tm4c123.o(.text)
    TIMER0A_Handler                          0x000019d1   Thumb Code     2  startup_tm4c123.o(.text)
    TIMER0B_Handler                          0x000019d3   Thumb Code     2  startup_tm4c123.o(.text)
    TIMER1B_Handler                          0x000019d7   Thumb Code     2  startup_tm4c123.o(.text)
    TIMER2B_Handler                          0x000019db   Thumb Code     2  startup_tm4c123.o(.text)
    COMP0_Handler                            0x000019dd   Thumb Code     2  startup_tm4c123.o(.text)
    COMP1_Handler                            0x000019df   Thumb Code     2  startup_tm4c123.o(.text)
    COMP2_Handler                            0x000019e1   Thumb Code     2  startup_tm4c123.o(.text)
    SYSCTL_Handler                           0x000019e3   Thumb Code     2  startup_tm4c123.o(.text)
    FLASH_Handler                            0x000019e5   Thumb Code     2  startup_tm4c123.o(.text)
    GPIOF_Handler                            0x000019e7   Thumb Code     2  startup_tm4c123.o(.text)
    GPIOG_Handler                            0x000019e9   Thumb Code     2  startup_tm4c123.o(.text)
    GPIOH_Handler                            0x000019eb   Thumb Code     2  startup_tm4c123.o(.text)
    UART2_Handler                            0x000019ed   Thumb Code     2  startup_tm4c123.o(.text)
    SSI1_Handler                             0x000019ef   Thumb Code     2  startup_tm4c123.o(.text)
    TIMER3A_Handler                          0x000019f1   Thumb Code     2  startup_tm4c123.o(.text)
    TIMER3B_Handler                          0x000019f3   Thumb Code     2  startup_tm4c123.o(.text)
    I2C1_Handler                             0x000019f5   Thumb Code     2  startup_tm4c123.o(.text)
    QEI1_Handler                             0x000019f7   Thumb Code     2  startup_tm4c123.o(.text)
    CAN0_Handler                             0x000019f9   Thumb Code     2  startup_tm4c123.o(.text)
    CAN1_Handler                             0x000019fb   Thumb Code     2  startup_tm4c123.o(.text)
    CAN2_Handler                             0x000019fd   Thumb Code     2  startup_tm4c123.o(.text)
    HIB_Handler                              0x000019ff   Thumb Code     2  startup_tm4c123.o(.text)
    USB0_Handler                             0x00001a01   Thumb Code     2  startup_tm4c123.o(.text)
    PWM0_3_Handler                           0x00001a03   Thumb Code     2  startup_tm4c123.o(.text)
    UDMA_Handler                             0x00001a05   Thumb Code     2  startup_tm4c123.o(.text)
    UDMAERR_Handler                          0x00001a07   Thumb Code     2  startup_tm4c123.o(.text)
    ADC1SS0_Handler                          0x00001a09   Thumb Code     2  startup_tm4c123.o(.text)
    ADC1SS1_Handler                          0x00001a0b   Thumb Code     2  startup_tm4c123.o(.text)
    ADC1SS2_Handler                          0x00001a0d   Thumb Code     2  startup_tm4c123.o(.text)
    ADC1SS3_Handler                          0x00001a0f   Thumb Code     2  startup_tm4c123.o(.text)
    GPIOJ_Handler                            0x00001a11   Thumb Code     2  startup_tm4c123.o(.text)
    GPIOK_Handler                            0x00001a13   Thumb Code     2  startup_tm4c123.o(.text)
    GPIOL_Handler                            0x00001a15   Thumb Code     2  startup_tm4c123.o(.text)
    SSI2_Handler                             0x00001a17   Thumb Code     2  startup_tm4c123.o(.text)
    SSI3_Handler                             0x00001a19   Thumb Code     2  startup_tm4c123.o(.text)
    UART3_Handler                            0x00001a1b   Thumb Code     2  startup_tm4c123.o(.text)
    UART4_Handler                            0x00001a1d   Thumb Code     2  startup_tm4c123.o(.text)
    UART5_Handler                            0x00001a1f   Thumb Code     2  startup_tm4c123.o(.text)
    UART6_Handler                            0x00001a21   Thumb Code     2  startup_tm4c123.o(.text)
    UART7_Handler                            0x00001a23   Thumb Code     2  startup_tm4c123.o(.text)
    I2C2_Handler                             0x00001a25   Thumb Code     2  startup_tm4c123.o(.text)
    I2C3_Handler                             0x00001a27   Thumb Code     2  startup_tm4c123.o(.text)
    TIMER4B_Handler                          0x00001a2b   Thumb Code     2  startup_tm4c123.o(.text)
    TIMER5A_Handler                          0x00001a2d   Thumb Code     2  startup_tm4c123.o(.text)
    TIMER5B_Handler                          0x00001a2f   Thumb Code     2  startup_tm4c123.o(.text)
    WTIMER0A_Handler                         0x00001a31   Thumb Code     2  startup_tm4c123.o(.text)
    WTIMER0B_Handler                         0x00001a33   Thumb Code     2  startup_tm4c123.o(.text)
    WTIMER1A_Handler                         0x00001a35   Thumb Code     2  startup_tm4c123.o(.text)
    WTIMER1B_Handler                         0x00001a37   Thumb Code     2  startup_tm4c123.o(.text)
    WTIMER2A_Handler                         0x00001a39   Thumb Code     2  startup_tm4c123.o(.text)
    WTIMER2B_Handler                         0x00001a3b   Thumb Code     2  startup_tm4c123.o(.text)
    WTIMER3A_Handler                         0x00001a3d   Thumb Code     2  startup_tm4c123.o(.text)
    WTIMER3B_Handler                         0x00001a3f   Thumb Code     2  startup_tm4c123.o(.text)
    WTIMER4A_Handler                         0x00001a41   Thumb Code     2  startup_tm4c123.o(.text)
    WTIMER4B_Handler                         0x00001a43   Thumb Code     2  startup_tm4c123.o(.text)
    WTIMER5A_Handler                         0x00001a45   Thumb Code     2  startup_tm4c123.o(.text)
    WTIMER5B_Handler                         0x00001a47   Thumb Code     2  startup_tm4c123.o(.text)
    FPU_Handler                              0x00001a49   Thumb Code     2  startup_tm4c123.o(.text)
    I2C4_Handler                             0x00001a4b   Thumb Code     2  startup_tm4c123.o(.text)
    I2C5_Handler                             0x00001a4d   Thumb Code     2  startup_tm4c123.o(.text)
    GPIOM_Handler                            0x00001a4f   Thumb Code     2  startup_tm4c123.o(.text)
    GPION_Handler                            0x00001a51   Thumb Code     2  startup_tm4c123.o(.text)
    QEI2_Handler                             0x00001a53   Thumb Code     2  startup_tm4c123.o(.text)
    GPIOP0_Handler                           0x00001a55   Thumb Code     2  startup_tm4c123.o(.text)
    GPIOP1_Handler                           0x00001a57   Thumb Code     2  startup_tm4c123.o(.text)
    GPIOP2_Handler                           0x00001a59   Thumb Code     2  startup_tm4c123.o(.text)
    GPIOP3_Handler                           0x00001a5b   Thumb Code     2  startup_tm4c123.o(.text)
    GPIOP4_Handler                           0x00001a5d   Thumb Code     2  startup_tm4c123.o(.text)
    GPIOP5_Handler                           0x00001a5f   Thumb Code     2  startup_tm4c123.o(.text)
    GPIOP6_Handler                           0x00001a61   Thumb Code     2  startup_tm4c123.o(.text)
    GPIOP7_Handler                           0x00001a63   Thumb Code     2  startup_tm4c123.o(.text)
    GPIOQ0_Handler                           0x00001a65   Thumb Code     2  startup_tm4c123.o(.text)
    GPIOQ1_Handler                           0x00001a67   Thumb Code     2  startup_tm4c123.o(.text)
    GPIOQ2_Handler                           0x00001a69   Thumb Code     2  startup_tm4c123.o(.text)
    GPIOQ3_Handler                           0x00001a6b   Thumb Code     2  startup_tm4c123.o(.text)
    GPIOQ4_Handler                           0x00001a6d   Thumb Code     2  startup_tm4c123.o(.text)
    GPIOQ5_Handler                           0x00001a6f   Thumb Code     2  startup_tm4c123.o(.text)
    GPIOQ6_Handler                           0x00001a71   Thumb Code     2  startup_tm4c123.o(.text)
    GPIOQ7_Handler                           0x00001a73   Thumb Code     2  startup_tm4c123.o(.text)
    GPIOR_Handler                            0x00001a75   Thumb Code     2  startup_tm4c123.o(.text)
    GPIOS_Handler                            0x00001a77   Thumb Code     2  startup_tm4c123.o(.text)
    PMW1_0_Handler                           0x00001a79   Thumb Code     2  startup_tm4c123.o(.text)
    PWM1_1_Handler                           0x00001a7b   Thumb Code     2  startup_tm4c123.o(.text)
    PWM1_2_Handler                           0x00001a7d   Thumb Code     2  startup_tm4c123.o(.text)
    PWM1_3_Handler                           0x00001a7f   Thumb Code     2  startup_tm4c123.o(.text)
    PWM1_FAULT_Handler                       0x00001a81   Thumb Code     2  startup_tm4c123.o(.text)
    SystemCoreClockUpdate                    0x00001b43   Thumb Code   184  system_tm4c123.o(.text)
    SystemInit                               0x00001bfb   Thumb Code   112  system_tm4c123.o(.text)
    __aeabi_memset                           0x00001cdd   Thumb Code    14  memseta.o(.text)
    __aeabi_memset4                          0x00001cdd   Thumb Code     0  memseta.o(.text)
    __aeabi_memset8                          0x00001cdd   Thumb Code     0  memseta.o(.text)
    __aeabi_memclr                           0x00001ceb   Thumb Code     4  memseta.o(.text)
    __aeabi_memclr4                          0x00001ceb   Thumb Code     0  memseta.o(.text)
    __aeabi_memclr8                          0x00001ceb   Thumb Code     0  memseta.o(.text)
    _memset$wrapper                          0x00001cef   Thumb Code    18  memseta.o(.text)
    __aeabi_uidiv                            0x00001d01   Thumb Code     0  uidiv.o(.text)
    __aeabi_uidivmod                         0x00001d01   Thumb Code    44  uidiv.o(.text)
    __scatterload                            0x00001d2d   Thumb Code    28  init.o(.text)
    __scatterload_rt2                        0x00001d2d   Thumb Code     0  init.o(.text)
    __0printf$1                              0x00001d51   Thumb Code    22  printf1.o(i.__0printf$1)
    __1printf$1                              0x00001d51   Thumb Code     0  printf1.o(i.__0printf$1)
    __2printf                                0x00001d51   Thumb Code     0  printf1.o(i.__0printf$1)
    __scatterload_copy                       0x00001d71   Thumb Code    14  handlers.o(i.__scatterload_copy)
    __scatterload_null                       0x00001d7f   Thumb Code     2  handlers.o(i.__scatterload_null)
    __scatterload_zeroinit                   0x00001d81   Thumb Code    14  handlers.o(i.__scatterload_zeroinit)
    lcd_write_data_u16                       0x00001ee5   Thumb Code    48  lcd.o(i.lcd_write_data_u16)
    malloc                                   0x00001f21   Thumb Code    92  malloc.o(i.malloc)
    lightbike_up                             0x00001f8c   Data          78  lcd_images.o(.constdata)
    lightbike_down                           0x00001fda   Data          78  lcd_images.o(.constdata)
    lightbike_left                           0x00002028   Data          96  lcd_images.o(.constdata)
    lightbike_right                          0x00002088   Data          96  lcd_images.o(.constdata)
    lightbike_up_width                       0x000020e8   Data           1  lcd_images.o(.constdata)
    lightbike_up_height                      0x000020e9   Data           1  lcd_images.o(.constdata)
    lightbike_down_width                     0x000020ea   Data           1  lcd_images.o(.constdata)
    lightbike_down_height                    0x000020eb   Data           1  lcd_images.o(.constdata)
    lightbike_left_width                     0x000020ec   Data           1  lcd_images.o(.constdata)
    lightbike_left_height                    0x000020ed   Data           1  lcd_images.o(.constdata)
    lightbike_right_width                    0x000020ee   Data           1  lcd_images.o(.constdata)
    lightbike_right_height                   0x000020ef   Data           1  lcd_images.o(.constdata)
    trail_bitmap                             0x000020f0   Data           4  lcd_images.o(.constdata)
    trail_width                              0x000020f4   Data           1  lcd_images.o(.constdata)
    trail_height                             0x000020f5   Data           1  lcd_images.o(.constdata)
    Region$$Table$$Base                      0x000020f8   Number         0  anon$$obj.o(Region$$Table)
    Region$$Table$$Limit                     0x00002118   Number         0  anon$$obj.o(Region$$Table)
    game_over                                0x20000000   Data           1  main.o(.data)
    kill                                     0x20000001   Data           1  main.o(.data)
    SystemCoreClock                          0x20000010   Data           4  system_tm4c123.o(.data)
    __stdout                                 0x20000014   Data           4  stdout.o(.data)
    __microlib_freelist                      0x20000018   Data           4  mvars.o(.data)
    __microlib_freelist_initialised          0x2000001c   Data           4  mvars.o(.data)
    player1                                  0x20000020   Data        8044  main.o(.bss)
    player2                                  0x20001f8c   Data        8044  main.o(.bss)
    UART0_Tx_Buffer                          0x20003ef8   Data          14  serial_debug.o(.bss)
    UART0_Rx_Buffer                          0x20003f06   Data          14  serial_debug.o(.bss)
    __heap_base                              0x20003f18   Data           0  startup_tm4c123.o(HEAP)
    __heap_limit                             0x20003f18   Data           0  startup_tm4c123.o(HEAP)
    __initial_sp                             0x20004f18   Data           0  startup_tm4c123.o(STACK)



==============================================================================

Memory Map of the image

  Image Entry point : 0x00001991

  Load Region LR_1 (Base: 0x00000000, Size: 0x00002138, Max: 0xffffffff, ABSOLUTE)

    Execution Region ER_RO (Exec base: 0x00000000, Load base: 0x00000000, Size: 0x00002118, Max: 0xffffffff, ABSOLUTE)

    Exec Addr    Load Addr    Size         Type   Attr      Idx    E Section Name        Object

    0x00000000   0x00000000   0x0000026c   Data   RO          584    RESET               startup_tm4c123.o
    0x0000026c   0x0000026c   0x00000000   Code   RO          619  * .ARM.Collect$$$$00000000  mc_w.l(entry.o)
    0x0000026c   0x0000026c   0x00000004   Code   RO          914    .ARM.Collect$$$$00000001  mc_w.l(entry2.o)
    0x00000270   0x00000270   0x00000004   Code   RO          917    .ARM.Collect$$$$00000004  mc_w.l(entry5.o)
    0x00000274   0x00000274   0x00000000   Code   RO          919    .ARM.Collect$$$$00000008  mc_w.l(entry7b.o)
    0x00000274   0x00000274   0x00000000   Code   RO          921    .ARM.Collect$$$$0000000A  mc_w.l(entry8b.o)
    0x00000274   0x00000274   0x00000008   Code   RO          922    .ARM.Collect$$$$0000000B  mc_w.l(entry9a.o)
    0x0000027c   0x0000027c   0x00000000   Code   RO          924    .ARM.Collect$$$$0000000D  mc_w.l(entry10a.o)
    0x0000027c   0x0000027c   0x00000000   Code   RO          926    .ARM.Collect$$$$0000000F  mc_w.l(entry11a.o)
    0x0000027c   0x0000027c   0x00000004   Code   RO          915    .ARM.Collect$$$$00002712  mc_w.l(entry2.o)
    0x00000280   0x00000280   0x00000504   Code   RO            4    .text               main.o
    0x00000784   0x00000784   0x00000098   Code   RO          124    .text               project_hardware_init.o
    0x0000081c   0x0000081c   0x000000d0   Code   RO          148    .text               project_interrupts.o
    0x000008ec   0x000008ec   0x000000a0   Code   RO          186    .text               adc.o
    0x0000098c   0x0000098c   0x00000294   Code   RO          214    .text               gpio_port.o
    0x00000c20   0x00000c20   0x0000007c   Code   RO          262    .text               pc_buffer.o
    0x00000c9c   0x00000c9c   0x00000248   Code   RO          307    .text               timers.o
    0x00000ee4   0x00000ee4   0x00000290   Code   RO          335    .text               uart.o
    0x00001174   0x00001174   0x000004a2   Code   RO          467    .text               lcd.o
    0x00001616   0x00001616   0x00000002   PAD
    0x00001618   0x00001618   0x00000138   Code   RO          497    .text               ps2.o
    0x00001750   0x00001750   0x00000240   Code   RO          521    .text               serial_debug.o
    0x00001990   0x00001990   0x000000fc   Code   RO          585  * .text               startup_tm4c123.o
    0x00001a8c   0x00001a8c   0x00000250   Code   RO          592    .text               system_tm4c123.o
    0x00001cdc   0x00001cdc   0x00000024   Code   RO          623    .text               mc_w.l(memseta.o)
    0x00001d00   0x00001d00   0x0000002c   Code   RO          928    .text               mc_w.l(uidiv.o)
    0x00001d2c   0x00001d2c   0x00000024   Code   RO          949    .text               mc_w.l(init.o)
    0x00001d50   0x00001d50   0x00000020   Code   RO          670    i.__0printf$1       mc_w.l(printf1.o)
    0x00001d70   0x00001d70   0x0000000e   Code   RO          961    i.__scatterload_copy  mc_w.l(handlers.o)
    0x00001d7e   0x00001d7e   0x00000002   Code   RO          962    i.__scatterload_null  mc_w.l(handlers.o)
    0x00001d80   0x00001d80   0x0000000e   Code   RO          963    i.__scatterload_zeroinit  mc_w.l(handlers.o)
    0x00001d8e   0x00001d8e   0x00000002   PAD
    0x00001d90   0x00001d90   0x00000154   Code   RO          677    i._printf_core      mc_w.l(printf1.o)
    0x00001ee4   0x00001ee4   0x0000003c   Code   RO          485    i.lcd_write_data_u16  lcd.o
    0x00001f20   0x00001f20   0x0000006c   Code   RO          887    i.malloc            mc_w.l(malloc.o)
    0x00001f8c   0x00001f8c   0x0000016a   Data   RO          171    .constdata          lcd_images.o
    0x000020f6   0x000020f6   0x00000002   PAD
    0x000020f8   0x000020f8   0x00000020   Data   RO          959    Region$$Table       anon$$obj.o


    Execution Region ER_RW (Exec base: 0x20000000, Load base: 0x00002118, Size: 0x00000020, Max: 0xffffffff, ABSOLUTE)

    Exec Addr    Load Addr    Size         Type   Attr      Idx    E Section Name        Object

    0x20000000   0x00002118   0x00000008   Data   RW            6    .data               main.o
    0x20000008   0x00002120   0x00000005   Data   RW          149    .data               project_interrupts.o
    0x2000000d   0x00002125   0x00000002   Data   RW          523    .data               serial_debug.o
    0x2000000f   0x00002127   0x00000001   PAD
    0x20000010   0x00002128   0x00000004   Data   RW          593    .data               system_tm4c123.o
    0x20000014   0x0000212c   0x00000004   Data   RW          622    .data               mc_w.l(stdout.o)
    0x20000018   0x00002130   0x00000004   Data   RW          936    .data               mc_w.l(mvars.o)
    0x2000001c   0x00002134   0x00000004   Data   RW          937    .data               mc_w.l(mvars.o)


    Execution Region ER_ZI (Exec base: 0x20000020, Load base: 0x00002138, Size: 0x00004ef8, Max: 0xffffffff, ABSOLUTE)

    Exec Addr    Load Addr    Size         Type   Attr      Idx    E Section Name        Object

    0x20000020        -       0x00003ed8   Zero   RW            5    .bss                main.o
    0x20003ef8        -       0x0000001c   Zero   RW          522    .bss                serial_debug.o
    0x20003f14   0x00002138   0x00000004   PAD
    0x20003f18        -       0x00000000   Zero   RW          583    HEAP                startup_tm4c123.o
    0x20003f18        -       0x00001000   Zero   RW          582    STACK               startup_tm4c123.o


==============================================================================

Image component sizes


      Code (inc. data)   RO Data    RW Data    ZI Data      Debug   Object Name

       160         12          0          0          0       1451   adc.o
       660         34          0          0          0       5174   gpio_port.o
      1246         28          0          0          0       3809   lcd.o
         0          0        362          0          0       1253   lcd_images.o
      1284        320          0          8      16088      32600   main.o
       124          0          0          0          0       1931   pc_buffer.o
       152         74          0          0          0        516   project_hardware_init.o
       208         28          0          5          0       1704   project_interrupts.o
       312         24          0          0          0       1532   ps2.o
       576         74          0          2         28       5709   serial_debug.o
       252         10        620          0       4096       5436   startup_tm4c123.o
       592        138          0          4          0       1549   system_tm4c123.o
       584         24          0          0          0      32856   timers.o
       656         54          0          0          0       3476   uart.o

    ----------------------------------------------------------------------
      6808        820       1016         20      20216      98996   Object Totals
         0          0         32          0          0          0   (incl. Generated)
         2          0          2          1          4          0   (incl. Padding)

    ----------------------------------------------------------------------

      Code (inc. data)   RO Data    RW Data    ZI Data      Debug   Library Member Name

         0          0          0          0          0          0   entry.o
         0          0          0          0          0          0   entry10a.o
         0          0          0          0          0          0   entry11a.o
         8          4          0          0          0          0   entry2.o
         4          0          0          0          0          0   entry5.o
         0          0          0          0          0          0   entry7b.o
         0          0          0          0          0          0   entry8b.o
         8          4          0          0          0          0   entry9a.o
        30          0          0          0          0          0   handlers.o
        36          8          0          0          0         68   init.o
       108         16          0          0          0         84   malloc.o
        36          0          0          0          0        108   memseta.o
         0          0          0          8          0          0   mvars.o
       372         14          0          0          0        184   printf1.o
         0          0          0          4          0          0   stdout.o
        44          0          0          0          0         80   uidiv.o

    ----------------------------------------------------------------------
       648         46          0         12          0        524   Library Totals
         2          0          0          0          0          0   (incl. Padding)

    ----------------------------------------------------------------------

      Code (inc. data)   RO Data    RW Data    ZI Data      Debug   Library Name

       646         46          0         12          0        524   mc_w.l

    ----------------------------------------------------------------------
       648         46          0         12          0        524   Library Totals

    ----------------------------------------------------------------------

==============================================================================


      Code (inc. data)   RO Data    RW Data    ZI Data      Debug   

      7456        866       1016         32      20216      97568   Grand Totals
      7456        866       1016         32      20216      97568   ELF Image Totals
      7456        866       1016         32          0          0   ROM Totals

==============================================================================

    Total RO  Size (Code + RO Data)                 8472 (   8.27kB)
    Total RW  Size (RW Data + ZI Data)             20248 (  19.77kB)
    Total ROM Size (Code + RO Data + RW Data)       8504 (   8.30kB)

==============================================================================

