Component: ARM Compiler 5.06 update 6 (build 750) Tool: armlink [4d35ed]

==============================================================================

Section Cross References

    main.o(.text) refers to eeprom.o(.text) for eeprom_byte_read
    main.o(.text) refers to lcd.o(.text) for lcd_clear_screen
    main.o(.text) refers to memseta.o(.text) for __aeabi_memclr4
    main.o(.text) refers to printf1.o(i.__0printf$1) for __2printf
    main.o(.text) refers to io_expander.o(.text) for io_expander_write_reg
    main.o(.text) refers to ft6x06.o(.text) for ft6x06_read_td_status
    main.o(.text) refers to serial_debug.o(.text) for init_serial_debug
    main.o(.text) refers to project_hardware_init.o(.text) for init_hardware
    main.o(.text) refers to lcd_images.o(.constdata) for lightbike_up
    main.o(.text) refers to main.o(.bss) for player1
    main.o(.text) refers to main.o(.data) for game_over
    project_hardware_init.o(.text) refers to printf1.o(i.__0printf$1) for __2printf
    project_hardware_init.o(.text) refers to lcd.o(.text) for lcd_config_screen
    project_hardware_init.o(.text) refers to ps2.o(.text) for ps2_initialize
    project_hardware_init.o(.text) refers to ft6x06.o(.text) for ft6x06_init
    project_hardware_init.o(.text) refers to launchpad_io.o(.text) for lp_io_init
    project_hardware_init.o(.text) refers to eeprom.o(.text) for eeprom_init
    project_hardware_init.o(.text) refers to io_expander.o(.text) for io_expander_init
    project_hardware_init.o(.text) refers to timers.o(.text) for gp_timer_config_32
    project_interrupts.o(.text) refers to main.o(.text) for update_p1
    project_interrupts.o(.text) refers to launchpad_io.o(.text) for lp_io_clear_pin
    project_interrupts.o(.text) refers to timers.o(.text) for gp_timer_config_32
    project_interrupts.o(.text) refers to io_expander.o(.text) for io_expander_read_reg
    project_interrupts.o(.text) refers to project_interrupts.o(.data) for PS2_X_DATA
    project_interrupts.o(.text) refers to main.o(.data) for game_time
    pc_buffer.o(.text) refers to malloc.o(i.malloc) for malloc
    accel.o(.text) refers to spi_select.o(.text) for spi_select_init
    accel.o(.text) refers to gpio_port.o(.text) for gpio_enable_port
    accel.o(.text) refers to spi.o(.text) for initialize_spi
    eeprom.o(.text) refers to i2c.o(.text) for i2cVerifyBaseAddr
    eeprom.o(.text) refers to gpio_port.o(.text) for gpio_enable_port
    ft6x06.o(.text) refers to i2c.o(.text) for I2CMasterBusy
    ft6x06.o(.text) refers to gpio_port.o(.text) for gpio_enable_port
    lcd.o(.text) refers to lcd.o(i.lcd_write_data_u16) for lcd_write_data_u16
    lcd.o(.text) refers to gpio_port.o(.text) for gpio_enable_port
    ps2.o(.text) refers to gpio_port.o(.text) for gpio_enable_port
    ps2.o(.text) refers to adc.o(.text) for get_adc_value
    serial_debug.o(.text) refers to gpio_port.o(.text) for gpio_enable_port
    serial_debug.o(.text) refers to pc_buffer.o(.text) for pc_buffer_init
    serial_debug.o(.text) refers to uart.o(.text) for uart_init
    serial_debug.o(.text) refers to printf1.o(i.__0printf$1) for __2printf
    serial_debug.o(.text) refers to main.o(.text) for DisableInterrupts
    serial_debug.o(.text) refers to serial_debug.o(.data) for Rx_Interrupts_Enabled
    serial_debug.o(.text) refers to serial_debug.o(.bss) for UART0_Tx_Buffer
    serial_debug.o(.text) refers to stdout.o(.data) for __stdout
    spi_select.o(.text) refers to gpio_port.o(.text) for gpio_enable_port
    io_expander.o(.text) refers to i2c.o(.text) for I2CMasterBusy
    io_expander.o(.text) refers to gpio_port.o(.text) for gpio_enable_port
    io_expander.o(.text) refers to printf1.o(i.__0printf$1) for __2printf
    startup_tm4c123.o(RESET) refers to startup_tm4c123.o(STACK) for __initial_sp
    startup_tm4c123.o(RESET) refers to startup_tm4c123.o(.text) for Reset_Handler
    startup_tm4c123.o(RESET) refers to serial_debug.o(.text) for UART0_Handler
    startup_tm4c123.o(RESET) refers to project_interrupts.o(.text) for ADC0SS2_Handler
    startup_tm4c123.o(.text) refers to system_tm4c123.o(.text) for SystemInit
    startup_tm4c123.o(.text) refers to entry.o(.ARM.Collect$$$$00000000) for __main
    system_tm4c123.o(.text) refers to system_tm4c123.o(.data) for SystemCoreClock
    entry.o(.ARM.Collect$$$$00000000) refers (Special) to entry10a.o(.ARM.Collect$$$$0000000D) for __rt_final_cpp
    entry.o(.ARM.Collect$$$$00000000) refers (Special) to entry11a.o(.ARM.Collect$$$$0000000F) for __rt_final_exit
    entry.o(.ARM.Collect$$$$00000000) refers (Special) to entry7b.o(.ARM.Collect$$$$00000008) for _main_clock
    entry.o(.ARM.Collect$$$$00000000) refers (Special) to entry8b.o(.ARM.Collect$$$$0000000A) for _main_cpp_init
    entry.o(.ARM.Collect$$$$00000000) refers (Special) to entry9a.o(.ARM.Collect$$$$0000000B) for _main_init
    entry.o(.ARM.Collect$$$$00000000) refers (Special) to entry5.o(.ARM.Collect$$$$00000004) for _main_scatterload
    entry.o(.ARM.Collect$$$$00000000) refers (Special) to entry2.o(.ARM.Collect$$$$00000001) for _main_stk
    printfb.o(i.__0fprintf$bare) refers to printfb.o(i._printf_core) for _printf_core
    printfb.o(i.__0fprintf$bare) refers to serial_debug.o(.text) for fputc
    printfb.o(i.__0printf$bare) refers to printfb.o(i._printf_core) for _printf_core
    printfb.o(i.__0printf$bare) refers to serial_debug.o(.text) for fputc
    printfb.o(i.__0printf$bare) refers to stdout.o(.data) for __stdout
    printfb.o(i.__0snprintf$bare) refers to printfb.o(i._printf_core) for _printf_core
    printfb.o(i.__0snprintf$bare) refers to printfb.o(i._snputc) for _snputc
    printfb.o(i.__0sprintf$bare) refers to printfb.o(i._printf_core) for _printf_core
    printfb.o(i.__0sprintf$bare) refers to printfb.o(i._sputc) for _sputc
    printfb.o(i.__0vfprintf$bare) refers to printfb.o(i._printf_core) for _printf_core
    printfb.o(i.__0vfprintf$bare) refers to serial_debug.o(.text) for fputc
    printfb.o(i.__0vprintf$bare) refers to printfb.o(i._printf_core) for _printf_core
    printfb.o(i.__0vprintf$bare) refers to serial_debug.o(.text) for fputc
    printfb.o(i.__0vprintf$bare) refers to stdout.o(.data) for __stdout
    printfb.o(i.__0vsnprintf$bare) refers to printfb.o(i._printf_core) for _printf_core
    printfb.o(i.__0vsnprintf$bare) refers to printfb.o(i._snputc) for _snputc
    printfb.o(i.__0vsprintf$bare) refers to printfb.o(i._printf_core) for _printf_core
    printfb.o(i.__0vsprintf$bare) refers to printfb.o(i._sputc) for _sputc
    printf0.o(i.__0fprintf$0) refers to printf0.o(i._printf_core) for _printf_core
    printf0.o(i.__0fprintf$0) refers to serial_debug.o(.text) for fputc
    printf0.o(i.__0printf$0) refers to printf0.o(i._printf_core) for _printf_core
    printf0.o(i.__0printf$0) refers to serial_debug.o(.text) for fputc
    printf0.o(i.__0printf$0) refers to stdout.o(.data) for __stdout
    printf0.o(i.__0snprintf$0) refers to printf0.o(i._printf_core) for _printf_core
    printf0.o(i.__0snprintf$0) refers to printf0.o(i._snputc) for _snputc
    printf0.o(i.__0sprintf$0) refers to printf0.o(i._printf_core) for _printf_core
    printf0.o(i.__0sprintf$0) refers to printf0.o(i._sputc) for _sputc
    printf0.o(i.__0vfprintf$0) refers to printf0.o(i._printf_core) for _printf_core
    printf0.o(i.__0vfprintf$0) refers to serial_debug.o(.text) for fputc
    printf0.o(i.__0vprintf$0) refers to printf0.o(i._printf_core) for _printf_core
    printf0.o(i.__0vprintf$0) refers to serial_debug.o(.text) for fputc
    printf0.o(i.__0vprintf$0) refers to stdout.o(.data) for __stdout
    printf0.o(i.__0vsnprintf$0) refers to printf0.o(i._printf_core) for _printf_core
    printf0.o(i.__0vsnprintf$0) refers to printf0.o(i._snputc) for _snputc
    printf0.o(i.__0vsprintf$0) refers to printf0.o(i._printf_core) for _printf_core
    printf0.o(i.__0vsprintf$0) refers to printf0.o(i._sputc) for _sputc
    printf1.o(i.__0fprintf$1) refers to printf1.o(i._printf_core) for _printf_core
    printf1.o(i.__0fprintf$1) refers to serial_debug.o(.text) for fputc
    printf1.o(i.__0printf$1) refers to printf1.o(i._printf_core) for _printf_core
    printf1.o(i.__0printf$1) refers to serial_debug.o(.text) for fputc
    printf1.o(i.__0printf$1) refers to stdout.o(.data) for __stdout
    printf1.o(i.__0snprintf$1) refers to printf1.o(i._printf_core) for _printf_core
    printf1.o(i.__0snprintf$1) refers to printf1.o(i._snputc) for _snputc
    printf1.o(i.__0sprintf$1) refers to printf1.o(i._printf_core) for _printf_core
    printf1.o(i.__0sprintf$1) refers to printf1.o(i._sputc) for _sputc
    printf1.o(i.__0vfprintf$1) refers to printf1.o(i._printf_core) for _printf_core
    printf1.o(i.__0vfprintf$1) refers to serial_debug.o(.text) for fputc
    printf1.o(i.__0vprintf$1) refers to printf1.o(i._printf_core) for _printf_core
    printf1.o(i.__0vprintf$1) refers to serial_debug.o(.text) for fputc
    printf1.o(i.__0vprintf$1) refers to stdout.o(.data) for __stdout
    printf1.o(i.__0vsnprintf$1) refers to printf1.o(i._printf_core) for _printf_core
    printf1.o(i.__0vsnprintf$1) refers to printf1.o(i._snputc) for _snputc
    printf1.o(i.__0vsprintf$1) refers to printf1.o(i._printf_core) for _printf_core
    printf1.o(i.__0vsprintf$1) refers to printf1.o(i._sputc) for _sputc
    printf1.o(i._printf_core) refers to uidiv.o(.text) for __aeabi_uidivmod
    printf2.o(i.__0fprintf$2) refers to printf2.o(i._printf_core) for _printf_core
    printf2.o(i.__0fprintf$2) refers to serial_debug.o(.text) for fputc
    printf2.o(i.__0printf$2) refers to printf2.o(i._printf_core) for _printf_core
    printf2.o(i.__0printf$2) refers to serial_debug.o(.text) for fputc
    printf2.o(i.__0printf$2) refers to stdout.o(.data) for __stdout
    printf2.o(i.__0snprintf$2) refers to printf2.o(i._printf_core) for _printf_core
    printf2.o(i.__0snprintf$2) refers to printf2.o(i._snputc) for _snputc
    printf2.o(i.__0sprintf$2) refers to printf2.o(i._printf_core) for _printf_core
    printf2.o(i.__0sprintf$2) refers to printf2.o(i._sputc) for _sputc
    printf2.o(i.__0vfprintf$2) refers to printf2.o(i._printf_core) for _printf_core
    printf2.o(i.__0vfprintf$2) refers to serial_debug.o(.text) for fputc
    printf2.o(i.__0vprintf$2) refers to printf2.o(i._printf_core) for _printf_core
    printf2.o(i.__0vprintf$2) refers to serial_debug.o(.text) for fputc
    printf2.o(i.__0vprintf$2) refers to stdout.o(.data) for __stdout
    printf2.o(i.__0vsnprintf$2) refers to printf2.o(i._printf_core) for _printf_core
    printf2.o(i.__0vsnprintf$2) refers to printf2.o(i._snputc) for _snputc
    printf2.o(i.__0vsprintf$2) refers to printf2.o(i._printf_core) for _printf_core
    printf2.o(i.__0vsprintf$2) refers to printf2.o(i._sputc) for _sputc
    printf3.o(i.__0fprintf$3) refers to printf3.o(i._printf_core) for _printf_core
    printf3.o(i.__0fprintf$3) refers to serial_debug.o(.text) for fputc
    printf3.o(i.__0printf$3) refers to printf3.o(i._printf_core) for _printf_core
    printf3.o(i.__0printf$3) refers to serial_debug.o(.text) for fputc
    printf3.o(i.__0printf$3) refers to stdout.o(.data) for __stdout
    printf3.o(i.__0snprintf$3) refers to printf3.o(i._printf_core) for _printf_core
    printf3.o(i.__0snprintf$3) refers to printf3.o(i._snputc) for _snputc
    printf3.o(i.__0sprintf$3) refers to printf3.o(i._printf_core) for _printf_core
    printf3.o(i.__0sprintf$3) refers to printf3.o(i._sputc) for _sputc
    printf3.o(i.__0vfprintf$3) refers to printf3.o(i._printf_core) for _printf_core
    printf3.o(i.__0vfprintf$3) refers to serial_debug.o(.text) for fputc
    printf3.o(i.__0vprintf$3) refers to printf3.o(i._printf_core) for _printf_core
    printf3.o(i.__0vprintf$3) refers to serial_debug.o(.text) for fputc
    printf3.o(i.__0vprintf$3) refers to stdout.o(.data) for __stdout
    printf3.o(i.__0vsnprintf$3) refers to printf3.o(i._printf_core) for _printf_core
    printf3.o(i.__0vsnprintf$3) refers to printf3.o(i._snputc) for _snputc
    printf3.o(i.__0vsprintf$3) refers to printf3.o(i._printf_core) for _printf_core
    printf3.o(i.__0vsprintf$3) refers to printf3.o(i._sputc) for _sputc
    printf3.o(i._printf_core) refers to uidiv.o(.text) for __aeabi_uidivmod
    printf4.o(i.__0fprintf$4) refers to printf4.o(i._printf_core) for _printf_core
    printf4.o(i.__0fprintf$4) refers to serial_debug.o(.text) for fputc
    printf4.o(i.__0printf$4) refers to printf4.o(i._printf_core) for _printf_core
    printf4.o(i.__0printf$4) refers to serial_debug.o(.text) for fputc
    printf4.o(i.__0printf$4) refers to stdout.o(.data) for __stdout
    printf4.o(i.__0snprintf$4) refers to printf4.o(i._printf_core) for _printf_core
    printf4.o(i.__0snprintf$4) refers to printf4.o(i._snputc) for _snputc
    printf4.o(i.__0sprintf$4) refers to printf4.o(i._printf_core) for _printf_core
    printf4.o(i.__0sprintf$4) refers to printf4.o(i._sputc) for _sputc
    printf4.o(i.__0vfprintf$4) refers to printf4.o(i._printf_core) for _printf_core
    printf4.o(i.__0vfprintf$4) refers to serial_debug.o(.text) for fputc
    printf4.o(i.__0vprintf$4) refers to printf4.o(i._printf_core) for _printf_core
    printf4.o(i.__0vprintf$4) refers to serial_debug.o(.text) for fputc
    printf4.o(i.__0vprintf$4) refers to stdout.o(.data) for __stdout
    printf4.o(i.__0vsnprintf$4) refers to printf4.o(i._printf_core) for _printf_core
    printf4.o(i.__0vsnprintf$4) refers to printf4.o(i._snputc) for _snputc
    printf4.o(i.__0vsprintf$4) refers to printf4.o(i._printf_core) for _printf_core
    printf4.o(i.__0vsprintf$4) refers to printf4.o(i._sputc) for _sputc
    printf4.o(i._printf_core) refers to uldiv.o(.text) for __aeabi_uldivmod
    printf5.o(i.__0fprintf$5) refers to printf5.o(i._printf_core) for _printf_core
    printf5.o(i.__0fprintf$5) refers to serial_debug.o(.text) for fputc
    printf5.o(i.__0printf$5) refers to printf5.o(i._printf_core) for _printf_core
    printf5.o(i.__0printf$5) refers to serial_debug.o(.text) for fputc
    printf5.o(i.__0printf$5) refers to stdout.o(.data) for __stdout
    printf5.o(i.__0snprintf$5) refers to printf5.o(i._printf_core) for _printf_core
    printf5.o(i.__0snprintf$5) refers to printf5.o(i._snputc) for _snputc
    printf5.o(i.__0sprintf$5) refers to printf5.o(i._printf_core) for _printf_core
    printf5.o(i.__0sprintf$5) refers to printf5.o(i._sputc) for _sputc
    printf5.o(i.__0vfprintf$5) refers to printf5.o(i._printf_core) for _printf_core
    printf5.o(i.__0vfprintf$5) refers to serial_debug.o(.text) for fputc
    printf5.o(i.__0vprintf$5) refers to printf5.o(i._printf_core) for _printf_core
    printf5.o(i.__0vprintf$5) refers to serial_debug.o(.text) for fputc
    printf5.o(i.__0vprintf$5) refers to stdout.o(.data) for __stdout
    printf5.o(i.__0vsnprintf$5) refers to printf5.o(i._printf_core) for _printf_core
    printf5.o(i.__0vsnprintf$5) refers to printf5.o(i._snputc) for _snputc
    printf5.o(i.__0vsprintf$5) refers to printf5.o(i._printf_core) for _printf_core
    printf5.o(i.__0vsprintf$5) refers to printf5.o(i._sputc) for _sputc
    printf5.o(i._printf_core) refers to uldiv.o(.text) for __aeabi_uldivmod
    printf6.o(i.__0fprintf$6) refers to printf6.o(i._printf_core) for _printf_core
    printf6.o(i.__0fprintf$6) refers to serial_debug.o(.text) for fputc
    printf6.o(i.__0printf$6) refers to printf6.o(i._printf_core) for _printf_core
    printf6.o(i.__0printf$6) refers to serial_debug.o(.text) for fputc
    printf6.o(i.__0printf$6) refers to stdout.o(.data) for __stdout
    printf6.o(i.__0snprintf$6) refers to printf6.o(i._printf_core) for _printf_core
    printf6.o(i.__0snprintf$6) refers to printf6.o(i._snputc) for _snputc
    printf6.o(i.__0sprintf$6) refers to printf6.o(i._printf_core) for _printf_core
    printf6.o(i.__0sprintf$6) refers to printf6.o(i._sputc) for _sputc
    printf6.o(i.__0vfprintf$6) refers to printf6.o(i._printf_core) for _printf_core
    printf6.o(i.__0vfprintf$6) refers to serial_debug.o(.text) for fputc
    printf6.o(i.__0vprintf$6) refers to printf6.o(i._printf_core) for _printf_core
    printf6.o(i.__0vprintf$6) refers to serial_debug.o(.text) for fputc
    printf6.o(i.__0vprintf$6) refers to stdout.o(.data) for __stdout
    printf6.o(i.__0vsnprintf$6) refers to printf6.o(i._printf_core) for _printf_core
    printf6.o(i.__0vsnprintf$6) refers to printf6.o(i._snputc) for _snputc
    printf6.o(i.__0vsprintf$6) refers to printf6.o(i._printf_core) for _printf_core
    printf6.o(i.__0vsprintf$6) refers to printf6.o(i._sputc) for _sputc
    printf6.o(i._printf_core) refers to printf6.o(i._printf_pre_padding) for _printf_pre_padding
    printf6.o(i._printf_core) refers to uidiv.o(.text) for __aeabi_uidivmod
    printf6.o(i._printf_core) refers to printf6.o(i._printf_post_padding) for _printf_post_padding
    printf7.o(i.__0fprintf$7) refers to printf7.o(i._printf_core) for _printf_core
    printf7.o(i.__0fprintf$7) refers to serial_debug.o(.text) for fputc
    printf7.o(i.__0printf$7) refers to printf7.o(i._printf_core) for _printf_core
    printf7.o(i.__0printf$7) refers to serial_debug.o(.text) for fputc
    printf7.o(i.__0printf$7) refers to stdout.o(.data) for __stdout
    printf7.o(i.__0snprintf$7) refers to printf7.o(i._printf_core) for _printf_core
    printf7.o(i.__0snprintf$7) refers to printf7.o(i._snputc) for _snputc
    printf7.o(i.__0sprintf$7) refers to printf7.o(i._printf_core) for _printf_core
    printf7.o(i.__0sprintf$7) refers to printf7.o(i._sputc) for _sputc
    printf7.o(i.__0vfprintf$7) refers to printf7.o(i._printf_core) for _printf_core
    printf7.o(i.__0vfprintf$7) refers to serial_debug.o(.text) for fputc
    printf7.o(i.__0vprintf$7) refers to printf7.o(i._printf_core) for _printf_core
    printf7.o(i.__0vprintf$7) refers to serial_debug.o(.text) for fputc
    printf7.o(i.__0vprintf$7) refers to stdout.o(.data) for __stdout
    printf7.o(i.__0vsnprintf$7) refers to printf7.o(i._printf_core) for _printf_core
    printf7.o(i.__0vsnprintf$7) refers to printf7.o(i._snputc) for _snputc
    printf7.o(i.__0vsprintf$7) refers to printf7.o(i._printf_core) for _printf_core
    printf7.o(i.__0vsprintf$7) refers to printf7.o(i._sputc) for _sputc
    printf7.o(i._printf_core) refers to printf7.o(i._printf_pre_padding) for _printf_pre_padding
    printf7.o(i._printf_core) refers to uldiv.o(.text) for __aeabi_uldivmod
    printf7.o(i._printf_core) refers to printf7.o(i._printf_post_padding) for _printf_post_padding
    printf8.o(i.__0fprintf$8) refers to printf8.o(i._printf_core) for _printf_core
    printf8.o(i.__0fprintf$8) refers to serial_debug.o(.text) for fputc
    printf8.o(i.__0printf$8) refers to printf8.o(i._printf_core) for _printf_core
    printf8.o(i.__0printf$8) refers to serial_debug.o(.text) for fputc
    printf8.o(i.__0printf$8) refers to stdout.o(.data) for __stdout
    printf8.o(i.__0snprintf$8) refers to printf8.o(i._printf_core) for _printf_core
    printf8.o(i.__0snprintf$8) refers to printf8.o(i._snputc) for _snputc
    printf8.o(i.__0sprintf$8) refers to printf8.o(i._printf_core) for _printf_core
    printf8.o(i.__0sprintf$8) refers to printf8.o(i._sputc) for _sputc
    printf8.o(i.__0vfprintf$8) refers to printf8.o(i._printf_core) for _printf_core
    printf8.o(i.__0vfprintf$8) refers to serial_debug.o(.text) for fputc
    printf8.o(i.__0vprintf$8) refers to printf8.o(i._printf_core) for _printf_core
    printf8.o(i.__0vprintf$8) refers to serial_debug.o(.text) for fputc
    printf8.o(i.__0vprintf$8) refers to stdout.o(.data) for __stdout
    printf8.o(i.__0vsnprintf$8) refers to printf8.o(i._printf_core) for _printf_core
    printf8.o(i.__0vsnprintf$8) refers to printf8.o(i._snputc) for _snputc
    printf8.o(i.__0vsprintf$8) refers to printf8.o(i._printf_core) for _printf_core
    printf8.o(i.__0vsprintf$8) refers to printf8.o(i._sputc) for _sputc
    printf8.o(i._printf_core) refers to printf8.o(i._printf_pre_padding) for _printf_pre_padding
    printf8.o(i._printf_core) refers to uldiv.o(.text) for __aeabi_uldivmod
    printf8.o(i._printf_core) refers to printf8.o(i._printf_post_padding) for _printf_post_padding
    printfa.o(i.__0fprintf) refers (Special) to iusefp.o(.text) for __I$use$fp
    printfa.o(i.__0fprintf) refers to printfa.o(i._printf_core) for _printf_core
    printfa.o(i.__0fprintf) refers to serial_debug.o(.text) for fputc
    printfa.o(i.__0printf) refers (Special) to iusefp.o(.text) for __I$use$fp
    printfa.o(i.__0printf) refers to printfa.o(i._printf_core) for _printf_core
    printfa.o(i.__0printf) refers to serial_debug.o(.text) for fputc
    printfa.o(i.__0printf) refers to stdout.o(.data) for __stdout
    printfa.o(i.__0snprintf) refers (Special) to iusefp.o(.text) for __I$use$fp
    printfa.o(i.__0snprintf) refers to printfa.o(i._printf_core) for _printf_core
    printfa.o(i.__0snprintf) refers to printfa.o(i._snputc) for _snputc
    printfa.o(i.__0sprintf) refers (Special) to iusefp.o(.text) for __I$use$fp
    printfa.o(i.__0sprintf) refers to printfa.o(i._printf_core) for _printf_core
    printfa.o(i.__0sprintf) refers to printfa.o(i._sputc) for _sputc
    printfa.o(i.__0vfprintf) refers (Special) to iusefp.o(.text) for __I$use$fp
    printfa.o(i.__0vfprintf) refers to printfa.o(i._printf_core) for _printf_core
    printfa.o(i.__0vfprintf) refers to serial_debug.o(.text) for fputc
    printfa.o(i.__0vprintf) refers (Special) to iusefp.o(.text) for __I$use$fp
    printfa.o(i.__0vprintf) refers to printfa.o(i._printf_core) for _printf_core
    printfa.o(i.__0vprintf) refers to serial_debug.o(.text) for fputc
    printfa.o(i.__0vprintf) refers to stdout.o(.data) for __stdout
    printfa.o(i.__0vsnprintf) refers (Special) to iusefp.o(.text) for __I$use$fp
    printfa.o(i.__0vsnprintf) refers to printfa.o(i._printf_core) for _printf_core
    printfa.o(i.__0vsnprintf) refers to printfa.o(i._snputc) for _snputc
    printfa.o(i.__0vsprintf) refers (Special) to iusefp.o(.text) for __I$use$fp
    printfa.o(i.__0vsprintf) refers to printfa.o(i._printf_core) for _printf_core
    printfa.o(i.__0vsprintf) refers to printfa.o(i._sputc) for _sputc
    printfa.o(i._fp_digits) refers (Special) to iusefp.o(.text) for __I$use$fp
    printfa.o(i._fp_digits) refers to dmul.o(.text) for __aeabi_dmul
    printfa.o(i._fp_digits) refers to ddiv.o(.text) for __aeabi_ddiv
    printfa.o(i._fp_digits) refers to cdrcmple.o(.text) for __aeabi_cdrcmple
    printfa.o(i._fp_digits) refers to dadd.o(.text) for __aeabi_dadd
    printfa.o(i._fp_digits) refers to dfixul.o(.text) for __aeabi_d2ulz
    printfa.o(i._fp_digits) refers to uldiv.o(.text) for __aeabi_uldivmod
    printfa.o(i._printf_core) refers (Special) to iusefp.o(.text) for __I$use$fp
    printfa.o(i._printf_core) refers to printfa.o(i._printf_pre_padding) for _printf_pre_padding
    printfa.o(i._printf_core) refers to uldiv.o(.text) for __aeabi_uldivmod
    printfa.o(i._printf_core) refers to printfa.o(i._printf_post_padding) for _printf_post_padding
    printfa.o(i._printf_core) refers to printfa.o(i._fp_digits) for _fp_digits
    printfa.o(i._printf_core) refers to uidiv.o(.text) for __aeabi_uidivmod
    printfa.o(i._printf_post_padding) refers (Special) to iusefp.o(.text) for __I$use$fp
    printfa.o(i._printf_pre_padding) refers (Special) to iusefp.o(.text) for __I$use$fp
    printfa.o(i._snputc) refers (Special) to iusefp.o(.text) for __I$use$fp
    printfa.o(i._sputc) refers (Special) to iusefp.o(.text) for __I$use$fp
    malloc.o(i.free) refers to mvars.o(.data) for __microlib_freelist
    malloc.o(i.malloc) refers to mvars.o(.data) for __microlib_freelist_initialised
    malloc.o(i.malloc) refers to mvars.o(.data) for __microlib_freelist
    malloc.o(i.malloc) refers to startup_tm4c123.o(HEAP) for __heap_base
    mallocr.o(i.__free$realloc) refers to mvars.o(.data) for __microlib_freelist
    mallocr.o(i.__malloc$realloc) refers to mallocr.o(i.internal_alloc) for internal_alloc
    mallocr.o(i.__malloc$realloc) refers to mvars.o(.data) for __microlib_freelist_initialised
    mallocr.o(i.__malloc$realloc) refers to startup_tm4c123.o(HEAP) for __heap_base
    mallocr.o(i.__malloc$realloc) refers to mvars.o(.data) for __microlib_freelist
    mallocr.o(i.internal_alloc) refers to memcpya.o(.text) for __aeabi_memcpy
    mallocr.o(i.internal_alloc) refers to mvars.o(.data) for __microlib_freelist
    mallocr.o(i.realloc) refers to mallocr.o(i.__free$realloc) for __free$realloc
    mallocr.o(i.realloc) refers to mallocr.o(i.internal_alloc) for internal_alloc
    mallocr.o(i.realloc) refers to mallocr.o(i.__malloc$realloc) for __malloc$realloc
    mallocr.o(i.realloc) refers to mvars.o(.data) for __microlib_freelist
    malloca.o(i.__aligned_malloc) refers to mvars.o(.data) for __microlib_freelist_initialised
    malloca.o(i.__aligned_malloc) refers to mvars.o(.data) for __microlib_freelist
    malloca.o(i.__aligned_malloc) refers to startup_tm4c123.o(HEAP) for __heap_base
    malloca.o(i.__free$memalign) refers to mvars.o(.data) for __microlib_freelist
    malloca.o(i.__malloc$memalign) refers to malloca.o(i.__aligned_malloc) for __aligned_malloc
    mallocra.o(i.__aligned_malloc$realloc) refers to mallocra.o(i.internal_alloc) for internal_alloc
    mallocra.o(i.__aligned_malloc$realloc) refers to mvars.o(.data) for __microlib_freelist_initialised
    mallocra.o(i.__aligned_malloc$realloc) refers to startup_tm4c123.o(HEAP) for __heap_base
    mallocra.o(i.__aligned_malloc$realloc) refers to mvars.o(.data) for __microlib_freelist
    mallocra.o(i.__free$realloc$memalign) refers to mvars.o(.data) for __microlib_freelist
    mallocra.o(i.__malloc$realloc$memalign) refers to mallocra.o(i.__aligned_malloc$realloc) for __aligned_malloc$realloc
    mallocra.o(i.__realloc$memalign) refers to mallocra.o(i.__free$realloc$memalign) for __free$realloc$memalign
    mallocra.o(i.__realloc$memalign) refers to mallocra.o(i.internal_alloc) for internal_alloc
    mallocra.o(i.__realloc$memalign) refers to mallocra.o(i.__malloc$realloc$memalign) for __malloc$realloc$memalign
    mallocra.o(i.__realloc$memalign) refers to mvars.o(.data) for __microlib_freelist
    mallocra.o(i.internal_alloc) refers to memcpya.o(.text) for __aeabi_memcpy
    mallocra.o(i.internal_alloc) refers to mvars.o(.data) for __microlib_freelist
    entry2.o(.ARM.Collect$$$$00000001) refers to entry2.o(.ARM.Collect$$$$00002712) for __lit__00000000
    entry2.o(.ARM.Collect$$$$00002712) refers to startup_tm4c123.o(STACK) for __initial_sp
    entry2.o(__vectab_stack_and_reset_area) refers to startup_tm4c123.o(STACK) for __initial_sp
    entry2.o(__vectab_stack_and_reset_area) refers to entry.o(.ARM.Collect$$$$00000000) for __main
    entry5.o(.ARM.Collect$$$$00000004) refers to init.o(.text) for __scatterload
    entry9a.o(.ARM.Collect$$$$0000000B) refers to main.o(.text) for main
    entry9b.o(.ARM.Collect$$$$0000000C) refers to main.o(.text) for main
    uldiv.o(.text) refers to llushr.o(.text) for __aeabi_llsr
    uldiv.o(.text) refers to llshl.o(.text) for __aeabi_llsl
    dadd.o(.text) refers to llshl.o(.text) for __aeabi_llsl
    dadd.o(.text) refers to llsshr.o(.text) for __aeabi_lasr
    dadd.o(.text) refers to depilogue.o(.text) for _double_epilogue
    dmul.o(.text) refers to depilogue.o(.text) for _double_epilogue
    ddiv.o(.text) refers to depilogue.o(.text) for _double_round
    dfixul.o(.text) refers to llushr.o(.text) for __aeabi_llsr
    dfixul.o(.text) refers to llshl.o(.text) for __aeabi_llsl
    init.o(.text) refers to entry5.o(.ARM.Collect$$$$00000004) for __main_after_scatterload
    depilogue.o(.text) refers to llshl.o(.text) for __aeabi_llsl
    depilogue.o(.text) refers to llushr.o(.text) for __aeabi_llsr


==============================================================================

Removing Unused input sections from the image.

    Removing main.o(.rev16_text), (4 bytes).
    Removing main.o(.revsh_text), (4 bytes).
    Removing main.o(.rrx_text), (6 bytes).
    Removing project_hardware_init.o(.rev16_text), (4 bytes).
    Removing project_hardware_init.o(.revsh_text), (4 bytes).
    Removing project_hardware_init.o(.rrx_text), (6 bytes).
    Removing project_interrupts.o(.rev16_text), (4 bytes).
    Removing project_interrupts.o(.revsh_text), (4 bytes).
    Removing project_interrupts.o(.rrx_text), (6 bytes).
    Removing adc.o(.rev16_text), (4 bytes).
    Removing adc.o(.revsh_text), (4 bytes).
    Removing adc.o(.rrx_text), (6 bytes).
    Removing gpio_port.o(.rev16_text), (4 bytes).
    Removing gpio_port.o(.revsh_text), (4 bytes).
    Removing gpio_port.o(.rrx_text), (6 bytes).
    Removing i2c.o(.rev16_text), (4 bytes).
    Removing i2c.o(.revsh_text), (4 bytes).
    Removing i2c.o(.rrx_text), (6 bytes).
    Removing spi.o(.rev16_text), (4 bytes).
    Removing spi.o(.revsh_text), (4 bytes).
    Removing spi.o(.rrx_text), (6 bytes).
    Removing spi.o(.text), (352 bytes).
    Removing timers.o(.rev16_text), (4 bytes).
    Removing timers.o(.revsh_text), (4 bytes).
    Removing timers.o(.rrx_text), (6 bytes).
    Removing uart.o(.rev16_text), (4 bytes).
    Removing uart.o(.revsh_text), (4 bytes).
    Removing uart.o(.rrx_text), (6 bytes).
    Removing accel.o(.rev16_text), (4 bytes).
    Removing accel.o(.revsh_text), (4 bytes).
    Removing accel.o(.rrx_text), (6 bytes).
    Removing accel.o(.text), (224 bytes).
    Removing eeprom.o(.rev16_text), (4 bytes).
    Removing eeprom.o(.revsh_text), (4 bytes).
    Removing eeprom.o(.rrx_text), (6 bytes).
    Removing ft6x06.o(.rev16_text), (4 bytes).
    Removing ft6x06.o(.revsh_text), (4 bytes).
    Removing ft6x06.o(.rrx_text), (6 bytes).
    Removing launchpad_io.o(.rev16_text), (4 bytes).
    Removing launchpad_io.o(.revsh_text), (4 bytes).
    Removing launchpad_io.o(.rrx_text), (6 bytes).
    Removing lcd.o(.rev16_text), (4 bytes).
    Removing lcd.o(.revsh_text), (4 bytes).
    Removing lcd.o(.rrx_text), (6 bytes).
    Removing ps2.o(.rev16_text), (4 bytes).
    Removing ps2.o(.revsh_text), (4 bytes).
    Removing ps2.o(.rrx_text), (6 bytes).
    Removing serial_debug.o(.rev16_text), (4 bytes).
    Removing serial_debug.o(.revsh_text), (4 bytes).
    Removing serial_debug.o(.rrx_text), (6 bytes).
    Removing spi_select.o(.rev16_text), (4 bytes).
    Removing spi_select.o(.revsh_text), (4 bytes).
    Removing spi_select.o(.rrx_text), (6 bytes).
    Removing spi_select.o(.text), (164 bytes).
    Removing ws2812b.o(FLASH), (160 bytes).
    Removing io_expander.o(.rev16_text), (4 bytes).
    Removing io_expander.o(.revsh_text), (4 bytes).
    Removing io_expander.o(.rrx_text), (6 bytes).
    Removing system_tm4c123.o(.rev16_text), (4 bytes).
    Removing system_tm4c123.o(.revsh_text), (4 bytes).
    Removing system_tm4c123.o(.rrx_text), (6 bytes).
    Removing dadd.o(.text), (334 bytes).
    Removing dmul.o(.text), (228 bytes).
    Removing ddiv.o(.text), (222 bytes).
    Removing dfixul.o(.text), (48 bytes).
    Removing cdrcmple.o(.text), (48 bytes).
    Removing depilogue.o(.text), (186 bytes).

67 unused section(s) (total 2232 bytes) removed from the image.

==============================================================================

Image Symbol Table

    Local Symbols

    Symbol Name                              Value     Ov Type        Size  Object(Section)

    RESET                                    0x00000000   Section      620  startup_tm4c123.o(RESET)
    ../clib/microlib/division.c              0x00000000   Number         0  uldiv.o ABSOLUTE
    ../clib/microlib/division.c              0x00000000   Number         0  uidiv.o ABSOLUTE
    ../clib/microlib/init/entry.s            0x00000000   Number         0  entry10a.o ABSOLUTE
    ../clib/microlib/init/entry.s            0x00000000   Number         0  entry2.o ABSOLUTE
    ../clib/microlib/init/entry.s            0x00000000   Number         0  entry.o ABSOLUTE
    ../clib/microlib/init/entry.s            0x00000000   Number         0  entry5.o ABSOLUTE
    ../clib/microlib/init/entry.s            0x00000000   Number         0  entry11b.o ABSOLUTE
    ../clib/microlib/init/entry.s            0x00000000   Number         0  entry9b.o ABSOLUTE
    ../clib/microlib/init/entry.s            0x00000000   Number         0  entry11a.o ABSOLUTE
    ../clib/microlib/init/entry.s            0x00000000   Number         0  entry10b.o ABSOLUTE
    ../clib/microlib/init/entry.s            0x00000000   Number         0  entry7a.o ABSOLUTE
    ../clib/microlib/init/entry.s            0x00000000   Number         0  entry9a.o ABSOLUTE
    ../clib/microlib/init/entry.s            0x00000000   Number         0  entry8b.o ABSOLUTE
    ../clib/microlib/init/entry.s            0x00000000   Number         0  entry8a.o ABSOLUTE
    ../clib/microlib/init/entry.s            0x00000000   Number         0  entry7b.o ABSOLUTE
    ../clib/microlib/longlong.c              0x00000000   Number         0  llsshr.o ABSOLUTE
    ../clib/microlib/longlong.c              0x00000000   Number         0  llushr.o ABSOLUTE
    ../clib/microlib/longlong.c              0x00000000   Number         0  llshl.o ABSOLUTE
    ../clib/microlib/malloc/malloc.c         0x00000000   Number         0  mallocra.o ABSOLUTE
    ../clib/microlib/malloc/malloc.c         0x00000000   Number         0  malloc.o ABSOLUTE
    ../clib/microlib/malloc/malloc.c         0x00000000   Number         0  mallocr.o ABSOLUTE
    ../clib/microlib/malloc/malloc.c         0x00000000   Number         0  malloca.o ABSOLUTE
    ../clib/microlib/malloc/mvars.c          0x00000000   Number         0  mvars.o ABSOLUTE
    ../clib/microlib/printf/printf.c         0x00000000   Number         0  printfb.o ABSOLUTE
    ../clib/microlib/printf/printf.c         0x00000000   Number         0  printf1.o ABSOLUTE
    ../clib/microlib/printf/printf.c         0x00000000   Number         0  printf7.o ABSOLUTE
    ../clib/microlib/printf/printf.c         0x00000000   Number         0  printf8.o ABSOLUTE
    ../clib/microlib/printf/printf.c         0x00000000   Number         0  printf5.o ABSOLUTE
    ../clib/microlib/printf/printf.c         0x00000000   Number         0  printfa.o ABSOLUTE
    ../clib/microlib/printf/printf.c         0x00000000   Number         0  printf3.o ABSOLUTE
    ../clib/microlib/printf/printf.c         0x00000000   Number         0  printf2.o ABSOLUTE
    ../clib/microlib/printf/printf.c         0x00000000   Number         0  printf6.o ABSOLUTE
    ../clib/microlib/printf/printf.c         0x00000000   Number         0  printf4.o ABSOLUTE
    ../clib/microlib/printf/printf.c         0x00000000   Number         0  printf0.o ABSOLUTE
    ../clib/microlib/printf/stubs.s          0x00000000   Number         0  stubs.o ABSOLUTE
    ../clib/microlib/stdio/streams.c         0x00000000   Number         0  stdout.o ABSOLUTE
    ../clib/microlib/string/memcpy.c         0x00000000   Number         0  memcpyb.o ABSOLUTE
    ../clib/microlib/string/memcpy.c         0x00000000   Number         0  memcpya.o ABSOLUTE
    ../clib/microlib/string/memset.c         0x00000000   Number         0  memseta.o ABSOLUTE
    ../clib/microlib/stubs.s                 0x00000000   Number         0  iusefp.o ABSOLUTE
    ../fplib/microlib/fpadd.c                0x00000000   Number         0  dadd.o ABSOLUTE
    ../fplib/microlib/fpdiv.c                0x00000000   Number         0  ddiv.o ABSOLUTE
    ../fplib/microlib/fpepilogue.c           0x00000000   Number         0  depilogue.o ABSOLUTE
    ../fplib/microlib/fpfix.c                0x00000000   Number         0  dfixul.o ABSOLUTE
    ../fplib/microlib/fpmul.c                0x00000000   Number         0  dmul.o ABSOLUTE
    ..\\drivers\\c\\adc.c                    0x00000000   Number         0  adc.o ABSOLUTE
    ..\\drivers\\c\\gpio_port.c              0x00000000   Number         0  gpio_port.o ABSOLUTE
    ..\\drivers\\c\\i2c.c                    0x00000000   Number         0  i2c.o ABSOLUTE
    ..\\drivers\\c\\spi.c                    0x00000000   Number         0  spi.o ABSOLUTE
    ..\\drivers\\c\\timers.c                 0x00000000   Number         0  timers.o ABSOLUTE
    ..\\drivers\\c\\uart.c                   0x00000000   Number         0  uart.o ABSOLUTE
    ..\\peripherals\\c\\accel.c              0x00000000   Number         0  accel.o ABSOLUTE
    ..\\peripherals\\c\\eeprom.c             0x00000000   Number         0  eeprom.o ABSOLUTE
    ..\\peripherals\\c\\ft6x06.c             0x00000000   Number         0  ft6x06.o ABSOLUTE
    ..\\peripherals\\c\\io_expander.c        0x00000000   Number         0  io_expander.o ABSOLUTE
    ..\\peripherals\\c\\launchpad_io.c       0x00000000   Number         0  launchpad_io.o ABSOLUTE
    ..\\peripherals\\c\\lcd.c                0x00000000   Number         0  lcd.o ABSOLUTE
    ..\\peripherals\\c\\ps2.c                0x00000000   Number         0  ps2.o ABSOLUTE
    ..\\peripherals\\c\\serial_debug.c       0x00000000   Number         0  serial_debug.o ABSOLUTE
    ..\\peripherals\\c\\spi_select.c         0x00000000   Number         0  spi_select.o ABSOLUTE
    ..\drivers\c\adc.c                       0x00000000   Number         0  adc.o ABSOLUTE
    ..\drivers\c\gpio_port.c                 0x00000000   Number         0  gpio_port.o ABSOLUTE
    ..\drivers\c\i2c.c                       0x00000000   Number         0  i2c.o ABSOLUTE
    ..\drivers\c\pc_buffer.c                 0x00000000   Number         0  pc_buffer.o ABSOLUTE
    ..\drivers\c\spi.c                       0x00000000   Number         0  spi.o ABSOLUTE
    ..\drivers\c\timers.c                    0x00000000   Number         0  timers.o ABSOLUTE
    ..\drivers\c\uart.c                      0x00000000   Number         0  uart.o ABSOLUTE
    ..\peripherals\c\accel.c                 0x00000000   Number         0  accel.o ABSOLUTE
    ..\peripherals\c\eeprom.c                0x00000000   Number         0  eeprom.o ABSOLUTE
    ..\peripherals\c\ft6x06.c                0x00000000   Number         0  ft6x06.o ABSOLUTE
    ..\peripherals\c\io_expander.c           0x00000000   Number         0  io_expander.o ABSOLUTE
    ..\peripherals\c\launchpad_io.c          0x00000000   Number         0  launchpad_io.o ABSOLUTE
    ..\peripherals\c\lcd.c                   0x00000000   Number         0  lcd.o ABSOLUTE
    ..\peripherals\c\ps2.c                   0x00000000   Number         0  ps2.o ABSOLUTE
    ..\peripherals\c\serial_debug.c          0x00000000   Number         0  serial_debug.o ABSOLUTE
    ..\peripherals\c\spi_select.c            0x00000000   Number         0  spi_select.o ABSOLUTE
    ..\peripherals\c\ws2812b.s               0x00000000   Number         0  ws2812b.o ABSOLUTE
    RTE\Device\TM4C123GH6PM\startup_TM4C123.s 0x00000000   Number         0  startup_tm4c123.o ABSOLUTE
    RTE\Device\TM4C123GH6PM\system_TM4C123.c 0x00000000   Number         0  system_tm4c123.o ABSOLUTE
    RTE\\Device\\TM4C123GH6PM\\system_TM4C123.c 0x00000000   Number         0  system_tm4c123.o ABSOLUTE
    cdrcmple.s                               0x00000000   Number         0  cdrcmple.o ABSOLUTE
    dc.s                                     0x00000000   Number         0  dc.o ABSOLUTE
    handlers.s                               0x00000000   Number         0  handlers.o ABSOLUTE
    init.s                                   0x00000000   Number         0  init.o ABSOLUTE
    lcd_images.c                             0x00000000   Number         0  lcd_images.o ABSOLUTE
    main.c                                   0x00000000   Number         0  main.o ABSOLUTE
    main.c                                   0x00000000   Number         0  main.o ABSOLUTE
    project_hardware_init.c                  0x00000000   Number         0  project_hardware_init.o ABSOLUTE
    project_hardware_init.c                  0x00000000   Number         0  project_hardware_init.o ABSOLUTE
    project_interrupts.c                     0x00000000   Number         0  project_interrupts.o ABSOLUTE
    project_interrupts.c                     0x00000000   Number         0  project_interrupts.o ABSOLUTE
    .ARM.Collect$$$$00000000                 0x0000026c   Section        0  entry.o(.ARM.Collect$$$$00000000)
    .ARM.Collect$$$$00000001                 0x0000026c   Section        4  entry2.o(.ARM.Collect$$$$00000001)
    .ARM.Collect$$$$00000004                 0x00000270   Section        4  entry5.o(.ARM.Collect$$$$00000004)
    .ARM.Collect$$$$00000008                 0x00000274   Section        0  entry7b.o(.ARM.Collect$$$$00000008)
    .ARM.Collect$$$$0000000A                 0x00000274   Section        0  entry8b.o(.ARM.Collect$$$$0000000A)
    .ARM.Collect$$$$0000000B                 0x00000274   Section        8  entry9a.o(.ARM.Collect$$$$0000000B)
    .ARM.Collect$$$$0000000D                 0x0000027c   Section        0  entry10a.o(.ARM.Collect$$$$0000000D)
    .ARM.Collect$$$$0000000F                 0x0000027c   Section        0  entry11a.o(.ARM.Collect$$$$0000000F)
    .ARM.Collect$$$$00002712                 0x0000027c   Section        4  entry2.o(.ARM.Collect$$$$00002712)
    __lit__00000000                          0x0000027c   Data           4  entry2.o(.ARM.Collect$$$$00002712)
    .text                                    0x00000280   Section        0  main.o(.text)
    .text                                    0x00000b8c   Section        0  project_hardware_init.o(.text)
    .text                                    0x00000c48   Section        0  project_interrupts.o(.text)
    .text                                    0x00000e8c   Section        0  adc.o(.text)
    .text                                    0x00000f2c   Section        0  gpio_port.o(.text)
    verify_base_addr                         0x00000f2d   Thumb Code    64  gpio_port.o(.text)
    .text                                    0x00001208   Section        0  i2c.o(.text)
    .text                                    0x00001410   Section        0  pc_buffer.o(.text)
    .text                                    0x0000148c   Section        0  timers.o(.text)
    verify_base_addr                         0x0000148d   Thumb Code    64  timers.o(.text)
    get_clock_masks                          0x00001517   Thumb Code   106  timers.o(.text)
    .text                                    0x000016d4   Section        0  uart.o(.text)
    .text                                    0x00001964   Section        0  eeprom.o(.text)
    eeprom_wait_for_write                    0x00001965   Thumb Code    68  eeprom.o(.text)
    .text                                    0x00001b30   Section        0  ft6x06.o(.text)
    ft6x06_set_addr                          0x00001b31   Thumb Code    52  ft6x06.o(.text)
    ft6x06_read_data                         0x00001b65   Thumb Code    52  ft6x06.o(.text)
    .text                                    0x00001ca8   Section        0  launchpad_io.o(.text)
    port_f_enable_output                     0x00001d55   Thumb Code    16  launchpad_io.o(.text)
    port_f_enable_input                      0x00001d65   Thumb Code    16  launchpad_io.o(.text)
    port_f_enable_pull_up                    0x00001d75   Thumb Code    16  launchpad_io.o(.text)
    .text                                    0x00001d9c   Section        0  lcd.o(.text)
    delayms                                  0x00001d9d   Thumb Code    26  lcd.o(.text)
    lcd_write_cmd_u8                         0x00001db7   Thumb Code    40  lcd.o(.text)
    lcd_write_data_u8                        0x00001ddf   Thumb Code    28  lcd.o(.text)
    .text                                    0x00002240   Section        0  ps2.o(.text)
    initialize_adc_gpio_pins                 0x00002241   Thumb Code    34  ps2.o(.text)
    ps2_configure_adc                        0x00002263   Thumb Code   118  ps2.o(.text)
    .text                                    0x00002378   Section        0  serial_debug.o(.text)
    .text                                    0x000025c0   Section        0  io_expander.o(.text)
    .text                                    0x000028a8   Section      252  startup_tm4c123.o(.text)
    $v0                                      0x000028a8   Number         0  startup_tm4c123.o(.text)
    .text                                    0x000029a4   Section        0  system_tm4c123.o(.text)
    getOscClk                                0x000029a5   Thumb Code   182  system_tm4c123.o(.text)
    .text                                    0x00002bf4   Section        0  memseta.o(.text)
    .text                                    0x00002c18   Section        0  uidiv.o(.text)
    .text                                    0x00002c44   Section       36  init.o(.text)
    i.__0printf$1                            0x00002c68   Section        0  printf1.o(i.__0printf$1)
    i.__scatterload_copy                     0x00002c88   Section       14  handlers.o(i.__scatterload_copy)
    i.__scatterload_null                     0x00002c96   Section        2  handlers.o(i.__scatterload_null)
    i.__scatterload_zeroinit                 0x00002c98   Section       14  handlers.o(i.__scatterload_zeroinit)
    i._printf_core                           0x00002ca8   Section        0  printf1.o(i._printf_core)
    _printf_core                             0x00002ca9   Thumb Code   336  printf1.o(i._printf_core)
    i.lcd_write_data_u16                     0x00002dfc   Section        0  lcd.o(i.lcd_write_data_u16)
    i.malloc                                 0x00002e38   Section        0  malloc.o(i.malloc)
    .constdata                               0x00002ea4   Section     2198  lcd_images.o(.constdata)
    .data                                    0x20000000   Section       12  main.o(.data)
    trail_decimator                          0x20000004   Data           4  main.o(.data)
    trail_decimator                          0x20000008   Data           4  main.o(.data)
    .data                                    0x2000000c   Section       13  project_interrupts.o(.data)
    PS2_X_DATA                               0x2000000c   Data           2  project_interrupts.o(.data)
    PS2_Y_DATA                               0x2000000e   Data           2  project_interrupts.o(.data)
    PS2_DIR                                  0x20000010   Data           1  project_interrupts.o(.data)
    duty_cycle                               0x20000012   Data           2  project_interrupts.o(.data)
    count_up                                 0x20000016   Data           1  project_interrupts.o(.data)
    timer_dec                                0x20000017   Data           1  project_interrupts.o(.data)
    led_on                                   0x20000018   Data           1  project_interrupts.o(.data)
    .data                                    0x20000019   Section        2  serial_debug.o(.data)
    Rx_Interrupts_Enabled                    0x20000019   Data           1  serial_debug.o(.data)
    Tx_Interrupts_Enabled                    0x2000001a   Data           1  serial_debug.o(.data)
    .data                                    0x2000001c   Section        4  system_tm4c123.o(.data)
    .data                                    0x20000020   Section        4  stdout.o(.data)
    .data                                    0x20000024   Section        4  mvars.o(.data)
    .data                                    0x20000028   Section        4  mvars.o(.data)
    .bss                                     0x2000002c   Section    16088  main.o(.bss)
    .bss                                     0x20003f04   Section       28  serial_debug.o(.bss)
    HEAP                                     0x20003f20   Section        0  startup_tm4c123.o(HEAP)
    STACK                                    0x20003f20   Section     4096  startup_tm4c123.o(STACK)

    Global Symbols

    Symbol Name                              Value     Ov Type        Size  Object(Section)

    BuildAttributes$$THM_ISAv4$E$P$D$K$B$S$7EM$VFPi3$EXTD16$VFPS$VFMA$PE$A:L22UL41UL21$X:L11$S22US41US21$IEEE1$IW$USESV6$~STKCKD$USESV7$~SHL$OSPACE$ROPI$EBA8$MICROLIB$REQ8$EABIv2 0x00000000   Number         0  anon$$obj.o ABSOLUTE
    __ARM_use_no_argv                        0x00000000   Number         0  main.o ABSOLUTE
    __Vectors                                0x00000000   Data           4  startup_tm4c123.o(RESET)
    _printf_a                                0x00000000   Number         0  stubs.o ABSOLUTE
    _printf_c                                0x00000000   Number         0  stubs.o ABSOLUTE
    _printf_charcount                        0x00000000   Number         0  stubs.o ABSOLUTE
    _printf_d                                0x00000000   Number         0  stubs.o ABSOLUTE
    _printf_e                                0x00000000   Number         0  stubs.o ABSOLUTE
    _printf_f                                0x00000000   Number         0  stubs.o ABSOLUTE
    _printf_flags                            0x00000000   Number         0  stubs.o ABSOLUTE
    _printf_fp_dec                           0x00000000   Number         0  stubs.o ABSOLUTE
    _printf_fp_hex                           0x00000000   Number         0  stubs.o ABSOLUTE
    _printf_g                                0x00000000   Number         0  stubs.o ABSOLUTE
    _printf_i                                0x00000000   Number         0  stubs.o ABSOLUTE
    _printf_int_dec                          0x00000000   Number         0  stubs.o ABSOLUTE
    _printf_l                                0x00000000   Number         0  stubs.o ABSOLUTE
    _printf_lc                               0x00000000   Number         0  stubs.o ABSOLUTE
    _printf_ll                               0x00000000   Number         0  stubs.o ABSOLUTE
    _printf_lld                              0x00000000   Number         0  stubs.o ABSOLUTE
    _printf_lli                              0x00000000   Number         0  stubs.o ABSOLUTE
    _printf_llo                              0x00000000   Number         0  stubs.o ABSOLUTE
    _printf_llu                              0x00000000   Number         0  stubs.o ABSOLUTE
    _printf_llx                              0x00000000   Number         0  stubs.o ABSOLUTE
    _printf_longlong_dec                     0x00000000   Number         0  stubs.o ABSOLUTE
    _printf_longlong_hex                     0x00000000   Number         0  stubs.o ABSOLUTE
    _printf_longlong_oct                     0x00000000   Number         0  stubs.o ABSOLUTE
    _printf_ls                               0x00000000   Number         0  stubs.o ABSOLUTE
    _printf_mbtowc                           0x00000000   Number         0  stubs.o ABSOLUTE
    _printf_n                                0x00000000   Number         0  stubs.o ABSOLUTE
    _printf_o                                0x00000000   Number         0  stubs.o ABSOLUTE
    _printf_p                                0x00000000   Number         0  stubs.o ABSOLUTE
    _printf_percent                          0x00000000   Number         0  stubs.o ABSOLUTE
    _printf_pre_padding                      0x00000000   Number         0  stubs.o ABSOLUTE
    _printf_return_value                     0x00000000   Number         0  stubs.o ABSOLUTE
    _printf_s                                0x00000000   Number         0  stubs.o ABSOLUTE
    _printf_sizespec                         0x00000000   Number         0  stubs.o ABSOLUTE
    _printf_str                              0x00000000   Number         0  stubs.o ABSOLUTE
    _printf_truncate_signed                  0x00000000   Number         0  stubs.o ABSOLUTE
    _printf_truncate_unsigned                0x00000000   Number         0  stubs.o ABSOLUTE
    _printf_u                                0x00000000   Number         0  stubs.o ABSOLUTE
    _printf_wc                               0x00000000   Number         0  stubs.o ABSOLUTE
    _printf_wctomb                           0x00000000   Number         0  stubs.o ABSOLUTE
    _printf_widthprec                        0x00000000   Number         0  stubs.o ABSOLUTE
    _printf_x                                0x00000000   Number         0  stubs.o ABSOLUTE
    __cpp_initialize__aeabi_                  - Undefined Weak Reference
    __cxa_finalize                            - Undefined Weak Reference
    __decompress                              - Undefined Weak Reference
    _clock_init                               - Undefined Weak Reference
    _microlib_exit                            - Undefined Weak Reference
    __Vectors_End                            0x0000026c   Data           0  startup_tm4c123.o(RESET)
    __Vectors_Size                           0x0000026c   Number         0  startup_tm4c123.o ABSOLUTE
    __main                                   0x0000026d   Thumb Code     0  entry.o(.ARM.Collect$$$$00000000)
    _main_stk                                0x0000026d   Thumb Code     0  entry2.o(.ARM.Collect$$$$00000001)
    _main_scatterload                        0x00000271   Thumb Code     0  entry5.o(.ARM.Collect$$$$00000004)
    __main_after_scatterload                 0x00000275   Thumb Code     0  entry5.o(.ARM.Collect$$$$00000004)
    _main_clock                              0x00000275   Thumb Code     0  entry7b.o(.ARM.Collect$$$$00000008)
    _main_cpp_init                           0x00000275   Thumb Code     0  entry8b.o(.ARM.Collect$$$$0000000A)
    _main_init                               0x00000275   Thumb Code     0  entry9a.o(.ARM.Collect$$$$0000000B)
    __rt_final_cpp                           0x0000027d   Thumb Code     0  entry10a.o(.ARM.Collect$$$$0000000D)
    __rt_final_exit                          0x0000027d   Thumb Code     0  entry11a.o(.ARM.Collect$$$$0000000F)
    calc_player_bounds                       0x00000281   Thumb Code    88  main.o(.text)
    set_player_direction                     0x000002d9   Thumb Code   108  main.o(.text)
    get_high_score                           0x00000345   Thumb Code    20  main.o(.text)
    init_game                                0x00000359   Thumb Code   128  main.o(.text)
    draw_trail                               0x000003d9   Thumb Code    94  main.o(.text)
    game_loop                                0x00000437   Thumb Code   236  main.o(.text)
    DisableInterrupts                        0x00000523   Thumb Code     4  main.o(.text)
    EnableInterrupts                         0x00000527   Thumb Code     4  main.o(.text)
    initializeBoard                          0x0000052b   Thumb Code    24  main.o(.text)
    main                                     0x00000543   Thumb Code    48  main.o(.text)
    move_player                              0x00000573   Thumb Code    56  main.o(.text)
    pause_pressed                            0x000005ab   Thumb Code    36  main.o(.text)
    player1_input                            0x000005cf   Thumb Code   110  main.o(.text)
    player2_input                            0x0000063d   Thumb Code    92  main.o(.text)
    add_trail                                0x00000699   Thumb Code   536  main.o(.text)
    check_trail_collision                    0x000008b1   Thumb Code   192  main.o(.text)
    check_world_collision                    0x00000971   Thumb Code    32  main.o(.text)
    check_collision                          0x00000991   Thumb Code    54  main.o(.text)
    draw_restart                             0x000009c7   Thumb Code    36  main.o(.text)
    write_high_score                         0x000009eb   Thumb Code    18  main.o(.text)
    end_game                                 0x000009fd   Thumb Code    52  main.o(.text)
    red_win                                  0x00000a31   Thumb Code    40  main.o(.text)
    update_p1                                0x00000a59   Thumb Code    66  main.o(.text)
    blue_win                                 0x00000a9b   Thumb Code    40  main.o(.text)
    update_p2                                0x00000ac3   Thumb Code    66  main.o(.text)
    init_hardware                            0x00000b8d   Thumb Code   110  project_hardware_init.o(.text)
    ps2_get_direction                        0x00000c49   Thumb Code    68  project_interrupts.o(.text)
    TIMER1A_Handler                          0x00000c8d   Thumb Code   110  project_interrupts.o(.text)
    TIMER2A_Handler                          0x00000cfb   Thumb Code    24  project_interrupts.o(.text)
    TIMER3A_Handler                          0x00000d13   Thumb Code   102  project_interrupts.o(.text)
    TIMER4A_Handler                          0x00000d79   Thumb Code    26  project_interrupts.o(.text)
    ADC0SS2_Handler                          0x00000d93   Thumb Code    52  project_interrupts.o(.text)
    btn_dir_to_ps2_dir                       0x00000dc7   Thumb Code    34  project_interrupts.o(.text)
    GPIOF_Handler                            0x00000de9   Thumb Code   104  project_interrupts.o(.text)
    initialize_adc                           0x00000e8d   Thumb Code    90  adc.o(.text)
    get_adc_value                            0x00000ee7   Thumb Code    58  adc.o(.text)
    gpio_get_irq_num                         0x00000f6d   Thumb Code    74  gpio_port.o(.text)
    gpio_enable_port                         0x00000fb7   Thumb Code   156  gpio_port.o(.text)
    gpio_config_digital_enable               0x00001053   Thumb Code    34  gpio_port.o(.text)
    gpio_config_enable_output                0x00001075   Thumb Code    34  gpio_port.o(.text)
    gpio_config_enable_input                 0x00001097   Thumb Code    34  gpio_port.o(.text)
    gpio_config_enable_pullup                0x000010b9   Thumb Code    34  gpio_port.o(.text)
    gpio_config_enable_pulldown              0x000010db   Thumb Code    34  gpio_port.o(.text)
    gpio_config_analog_enable                0x000010fd   Thumb Code    34  gpio_port.o(.text)
    gpio_config_alternate_function           0x0000111f   Thumb Code    34  gpio_port.o(.text)
    gpio_config_port_control                 0x00001141   Thumb Code    54  gpio_port.o(.text)
    gpio_config_open_drain                   0x00001177   Thumb Code    34  gpio_port.o(.text)
    gpio_config_falling_edge_irq             0x00001199   Thumb Code    80  gpio_port.o(.text)
    initializeI2CMaster                      0x00001209   Thumb Code   160  i2c.o(.text)
    i2cVerifyBaseAddr                        0x000012a9   Thumb Code    36  i2c.o(.text)
    i2cSetSlaveAddr                          0x000012cd   Thumb Code    30  i2c.o(.text)
    i2cStop                                  0x000012eb   Thumb Code    26  i2c.o(.text)
    I2CMasterBusy                            0x00001305   Thumb Code    34  i2c.o(.text)
    I2CMasterAdrAck                          0x00001327   Thumb Code    34  i2c.o(.text)
    I2CMasterDatAck                          0x00001349   Thumb Code    34  i2c.o(.text)
    i2cSendByte                              0x0000136b   Thumb Code    82  i2c.o(.text)
    i2cGetByte                               0x000013bd   Thumb Code    60  i2c.o(.text)
    pc_buffer_init                           0x00001411   Thumb Code    26  pc_buffer.o(.text)
    pc_buffer_add                            0x0000142b   Thumb Code    28  pc_buffer.o(.text)
    pc_buffer_remove                         0x00001447   Thumb Code    30  pc_buffer.o(.text)
    pc_buffer_empty                          0x00001465   Thumb Code    18  pc_buffer.o(.text)
    pc_buffer_full                           0x00001477   Thumb Code    22  pc_buffer.o(.text)
    timer_get_irq_num                        0x000014cd   Thumb Code    74  timers.o(.text)
    gp_timer_wait                            0x00001581   Thumb Code    64  timers.o(.text)
    gp_timer_config_32                       0x000015c1   Thumb Code   252  timers.o(.text)
    verify_uart_base                         0x000016d5   Thumb Code    54  uart.o(.text)
    uart_get_rcgc_mask                       0x0000170b   Thumb Code    68  uart.o(.text)
    uart_get_pr_mask                         0x0000174f   Thumb Code    68  uart.o(.text)
    uart_get_irq_num                         0x00001793   Thumb Code    68  uart.o(.text)
    uart_tx_poll                             0x000017d7   Thumb Code    38  uart.o(.text)
    uart_tx_poll_string                      0x000017fd   Thumb Code    50  uart.o(.text)
    uart_rx_poll                             0x0000182f   Thumb Code    70  uart.o(.text)
    uart_init                                0x00001875   Thumb Code   218  uart.o(.text)
    eeprom_byte_write                        0x000019a9   Thumb Code   108  eeprom.o(.text)
    eeprom_byte_read                         0x00001a15   Thumb Code   124  eeprom.o(.text)
    eeprom_init                              0x00001a91   Thumb Code   156  eeprom.o(.text)
    ft6x06_read_td_status                    0x00001b99   Thumb Code    24  ft6x06.o(.text)
    ft6x06_read_x                            0x00001bb1   Thumb Code    30  ft6x06.o(.text)
    ft6x06_read_y                            0x00001bcf   Thumb Code    58  ft6x06.o(.text)
    ft6x06_init                              0x00001c09   Thumb Code   156  ft6x06.o(.text)
    lp_io_set_pin                            0x00001ca9   Thumb Code    18  launchpad_io.o(.text)
    lp_io_clear_pin                          0x00001cbb   Thumb Code    24  launchpad_io.o(.text)
    lp_io_read_pin                           0x00001cd3   Thumb Code    22  launchpad_io.o(.text)
    lp_io_init                               0x00001ce9   Thumb Code   108  launchpad_io.o(.text)
    lcd_set_pos                              0x00001dfb   Thumb Code    58  lcd.o(.text)
    lcd_clear_screen                         0x00001e35   Thumb Code    52  lcd.o(.text)
    lcd_draw_image                           0x00001e69   Thumb Code   242  lcd.o(.text)
    lcd_config_gpio                          0x00001f5b   Thumb Code   174  lcd.o(.text)
    lcd_config_screen                        0x00002009   Thumb Code   566  lcd.o(.text)
    ps2_initialize_adc                       0x000022d9   Thumb Code    88  ps2.o(.text)
    ps2_initialize                           0x00002331   Thumb Code    12  ps2.o(.text)
    ps2_get_x                                0x0000233d   Thumb Code    18  ps2.o(.text)
    ps2_get_y                                0x0000234f   Thumb Code    18  ps2.o(.text)
    init_serial_debug                        0x00002379   Thumb Code    96  serial_debug.o(.text)
    serial_debug_rx                          0x000023d9   Thumb Code    46  serial_debug.o(.text)
    serial_debug_tx                          0x00002407   Thumb Code    84  serial_debug.o(.text)
    fputc                                    0x0000245b   Thumb Code    66  serial_debug.o(.text)
    fgetc                                    0x0000249d   Thumb Code    50  serial_debug.o(.text)
    UART0_Handler                            0x000024cf   Thumb Code   168  serial_debug.o(.text)
    io_expander_write_reg                    0x000025c1   Thumb Code    56  io_expander.o(.text)
    io_expander_read_reg                     0x000025f9   Thumb Code    70  io_expander.o(.text)
    io_gpio_init                             0x0000263f   Thumb Code   252  io_expander.o(.text)
    io_expander_init                         0x0000273b   Thumb Code   330  io_expander.o(.text)
    Reset_Handler                            0x000028a9   Thumb Code     8  startup_tm4c123.o(.text)
    NMI_Handler                              0x000028b1   Thumb Code     2  startup_tm4c123.o(.text)
    HardFault_Handler                        0x000028b3   Thumb Code     2  startup_tm4c123.o(.text)
    MemManage_Handler                        0x000028b5   Thumb Code     2  startup_tm4c123.o(.text)
    BusFault_Handler                         0x000028b7   Thumb Code     2  startup_tm4c123.o(.text)
    UsageFault_Handler                       0x000028b9   Thumb Code     2  startup_tm4c123.o(.text)
    SVC_Handler                              0x000028bb   Thumb Code     2  startup_tm4c123.o(.text)
    DebugMon_Handler                         0x000028bd   Thumb Code     2  startup_tm4c123.o(.text)
    PendSV_Handler                           0x000028bf   Thumb Code     2  startup_tm4c123.o(.text)
    SysTick_Handler                          0x000028c1   Thumb Code     2  startup_tm4c123.o(.text)
    GPIOA_Handler                            0x000028c3   Thumb Code     2  startup_tm4c123.o(.text)
    GPIOB_Handler                            0x000028c5   Thumb Code     2  startup_tm4c123.o(.text)
    GPIOC_Handler                            0x000028c7   Thumb Code     2  startup_tm4c123.o(.text)
    GPIOD_Handler                            0x000028c9   Thumb Code     2  startup_tm4c123.o(.text)
    GPIOE_Handler                            0x000028cb   Thumb Code     2  startup_tm4c123.o(.text)
    UART1_Handler                            0x000028cf   Thumb Code     2  startup_tm4c123.o(.text)
    SSI0_Handler                             0x000028d1   Thumb Code     2  startup_tm4c123.o(.text)
    I2C0_Handler                             0x000028d3   Thumb Code     2  startup_tm4c123.o(.text)
    PMW0_FAULT_Handler                       0x000028d5   Thumb Code     2  startup_tm4c123.o(.text)
    PWM0_0_Handler                           0x000028d7   Thumb Code     2  startup_tm4c123.o(.text)
    PWM0_1_Handler                           0x000028d9   Thumb Code     2  startup_tm4c123.o(.text)
    PWM0_2_Handler                           0x000028db   Thumb Code     2  startup_tm4c123.o(.text)
    QEI0_Handler                             0x000028dd   Thumb Code     2  startup_tm4c123.o(.text)
    ADC0SS0_Handler                          0x000028df   Thumb Code     2  startup_tm4c123.o(.text)
    ADC0SS1_Handler                          0x000028e1   Thumb Code     2  startup_tm4c123.o(.text)
    ADC0SS3_Handler                          0x000028e5   Thumb Code     2  startup_tm4c123.o(.text)
    WDT0_Handler                             0x000028e7   Thumb Code     2  startup_tm4c123.o(.text)
    TIMER0A_Handler                          0x000028e9   Thumb Code     2  startup_tm4c123.o(.text)
    TIMER0B_Handler                          0x000028eb   Thumb Code     2  startup_tm4c123.o(.text)
    TIMER1B_Handler                          0x000028ef   Thumb Code     2  startup_tm4c123.o(.text)
    TIMER2B_Handler                          0x000028f3   Thumb Code     2  startup_tm4c123.o(.text)
    COMP0_Handler                            0x000028f5   Thumb Code     2  startup_tm4c123.o(.text)
    COMP1_Handler                            0x000028f7   Thumb Code     2  startup_tm4c123.o(.text)
    COMP2_Handler                            0x000028f9   Thumb Code     2  startup_tm4c123.o(.text)
    SYSCTL_Handler                           0x000028fb   Thumb Code     2  startup_tm4c123.o(.text)
    FLASH_Handler                            0x000028fd   Thumb Code     2  startup_tm4c123.o(.text)
    GPIOG_Handler                            0x00002901   Thumb Code     2  startup_tm4c123.o(.text)
    GPIOH_Handler                            0x00002903   Thumb Code     2  startup_tm4c123.o(.text)
    UART2_Handler                            0x00002905   Thumb Code     2  startup_tm4c123.o(.text)
    SSI1_Handler                             0x00002907   Thumb Code     2  startup_tm4c123.o(.text)
    TIMER3B_Handler                          0x0000290b   Thumb Code     2  startup_tm4c123.o(.text)
    I2C1_Handler                             0x0000290d   Thumb Code     2  startup_tm4c123.o(.text)
    QEI1_Handler                             0x0000290f   Thumb Code     2  startup_tm4c123.o(.text)
    CAN0_Handler                             0x00002911   Thumb Code     2  startup_tm4c123.o(.text)
    CAN1_Handler                             0x00002913   Thumb Code     2  startup_tm4c123.o(.text)
    CAN2_Handler                             0x00002915   Thumb Code     2  startup_tm4c123.o(.text)
    HIB_Handler                              0x00002917   Thumb Code     2  startup_tm4c123.o(.text)
    USB0_Handler                             0x00002919   Thumb Code     2  startup_tm4c123.o(.text)
    PWM0_3_Handler                           0x0000291b   Thumb Code     2  startup_tm4c123.o(.text)
    UDMA_Handler                             0x0000291d   Thumb Code     2  startup_tm4c123.o(.text)
    UDMAERR_Handler                          0x0000291f   Thumb Code     2  startup_tm4c123.o(.text)
    ADC1SS0_Handler                          0x00002921   Thumb Code     2  startup_tm4c123.o(.text)
    ADC1SS1_Handler                          0x00002923   Thumb Code     2  startup_tm4c123.o(.text)
    ADC1SS2_Handler                          0x00002925   Thumb Code     2  startup_tm4c123.o(.text)
    ADC1SS3_Handler                          0x00002927   Thumb Code     2  startup_tm4c123.o(.text)
    GPIOJ_Handler                            0x00002929   Thumb Code     2  startup_tm4c123.o(.text)
    GPIOK_Handler                            0x0000292b   Thumb Code     2  startup_tm4c123.o(.text)
    GPIOL_Handler                            0x0000292d   Thumb Code     2  startup_tm4c123.o(.text)
    SSI2_Handler                             0x0000292f   Thumb Code     2  startup_tm4c123.o(.text)
    SSI3_Handler                             0x00002931   Thumb Code     2  startup_tm4c123.o(.text)
    UART3_Handler                            0x00002933   Thumb Code     2  startup_tm4c123.o(.text)
    UART4_Handler                            0x00002935   Thumb Code     2  startup_tm4c123.o(.text)
    UART5_Handler                            0x00002937   Thumb Code     2  startup_tm4c123.o(.text)
    UART6_Handler                            0x00002939   Thumb Code     2  startup_tm4c123.o(.text)
    UART7_Handler                            0x0000293b   Thumb Code     2  startup_tm4c123.o(.text)
    I2C2_Handler                             0x0000293d   Thumb Code     2  startup_tm4c123.o(.text)
    I2C3_Handler                             0x0000293f   Thumb Code     2  startup_tm4c123.o(.text)
    TIMER4B_Handler                          0x00002943   Thumb Code     2  startup_tm4c123.o(.text)
    TIMER5A_Handler                          0x00002945   Thumb Code     2  startup_tm4c123.o(.text)
    TIMER5B_Handler                          0x00002947   Thumb Code     2  startup_tm4c123.o(.text)
    WTIMER0A_Handler                         0x00002949   Thumb Code     2  startup_tm4c123.o(.text)
    WTIMER0B_Handler                         0x0000294b   Thumb Code     2  startup_tm4c123.o(.text)
    WTIMER1A_Handler                         0x0000294d   Thumb Code     2  startup_tm4c123.o(.text)
    WTIMER1B_Handler                         0x0000294f   Thumb Code     2  startup_tm4c123.o(.text)
    WTIMER2A_Handler                         0x00002951   Thumb Code     2  startup_tm4c123.o(.text)
    WTIMER2B_Handler                         0x00002953   Thumb Code     2  startup_tm4c123.o(.text)
    WTIMER3A_Handler                         0x00002955   Thumb Code     2  startup_tm4c123.o(.text)
    WTIMER3B_Handler                         0x00002957   Thumb Code     2  startup_tm4c123.o(.text)
    WTIMER4A_Handler                         0x00002959   Thumb Code     2  startup_tm4c123.o(.text)
    WTIMER4B_Handler                         0x0000295b   Thumb Code     2  startup_tm4c123.o(.text)
    WTIMER5A_Handler                         0x0000295d   Thumb Code     2  startup_tm4c123.o(.text)
    WTIMER5B_Handler                         0x0000295f   Thumb Code     2  startup_tm4c123.o(.text)
    FPU_Handler                              0x00002961   Thumb Code     2  startup_tm4c123.o(.text)
    I2C4_Handler                             0x00002963   Thumb Code     2  startup_tm4c123.o(.text)
    I2C5_Handler                             0x00002965   Thumb Code     2  startup_tm4c123.o(.text)
    GPIOM_Handler                            0x00002967   Thumb Code     2  startup_tm4c123.o(.text)
    GPION_Handler                            0x00002969   Thumb Code     2  startup_tm4c123.o(.text)
    QEI2_Handler                             0x0000296b   Thumb Code     2  startup_tm4c123.o(.text)
    GPIOP0_Handler                           0x0000296d   Thumb Code     2  startup_tm4c123.o(.text)
    GPIOP1_Handler                           0x0000296f   Thumb Code     2  startup_tm4c123.o(.text)
    GPIOP2_Handler                           0x00002971   Thumb Code     2  startup_tm4c123.o(.text)
    GPIOP3_Handler                           0x00002973   Thumb Code     2  startup_tm4c123.o(.text)
    GPIOP4_Handler                           0x00002975   Thumb Code     2  startup_tm4c123.o(.text)
    GPIOP5_Handler                           0x00002977   Thumb Code     2  startup_tm4c123.o(.text)
    GPIOP6_Handler                           0x00002979   Thumb Code     2  startup_tm4c123.o(.text)
    GPIOP7_Handler                           0x0000297b   Thumb Code     2  startup_tm4c123.o(.text)
    GPIOQ0_Handler                           0x0000297d   Thumb Code     2  startup_tm4c123.o(.text)
    GPIOQ1_Handler                           0x0000297f   Thumb Code     2  startup_tm4c123.o(.text)
    GPIOQ2_Handler                           0x00002981   Thumb Code     2  startup_tm4c123.o(.text)
    GPIOQ3_Handler                           0x00002983   Thumb Code     2  startup_tm4c123.o(.text)
    GPIOQ4_Handler                           0x00002985   Thumb Code     2  startup_tm4c123.o(.text)
    GPIOQ5_Handler                           0x00002987   Thumb Code     2  startup_tm4c123.o(.text)
    GPIOQ6_Handler                           0x00002989   Thumb Code     2  startup_tm4c123.o(.text)
    GPIOQ7_Handler                           0x0000298b   Thumb Code     2  startup_tm4c123.o(.text)
    GPIOR_Handler                            0x0000298d   Thumb Code     2  startup_tm4c123.o(.text)
    GPIOS_Handler                            0x0000298f   Thumb Code     2  startup_tm4c123.o(.text)
    PMW1_0_Handler                           0x00002991   Thumb Code     2  startup_tm4c123.o(.text)
    PWM1_1_Handler                           0x00002993   Thumb Code     2  startup_tm4c123.o(.text)
    PWM1_2_Handler                           0x00002995   Thumb Code     2  startup_tm4c123.o(.text)
    PWM1_3_Handler                           0x00002997   Thumb Code     2  startup_tm4c123.o(.text)
    PWM1_FAULT_Handler                       0x00002999   Thumb Code     2  startup_tm4c123.o(.text)
    SystemCoreClockUpdate                    0x00002a5b   Thumb Code   184  system_tm4c123.o(.text)
    SystemInit                               0x00002b13   Thumb Code   112  system_tm4c123.o(.text)
    __aeabi_memset                           0x00002bf5   Thumb Code    14  memseta.o(.text)
    __aeabi_memset4                          0x00002bf5   Thumb Code     0  memseta.o(.text)
    __aeabi_memset8                          0x00002bf5   Thumb Code     0  memseta.o(.text)
    __aeabi_memclr                           0x00002c03   Thumb Code     4  memseta.o(.text)
    __aeabi_memclr4                          0x00002c03   Thumb Code     0  memseta.o(.text)
    __aeabi_memclr8                          0x00002c03   Thumb Code     0  memseta.o(.text)
    _memset$wrapper                          0x00002c07   Thumb Code    18  memseta.o(.text)
    __aeabi_uidiv                            0x00002c19   Thumb Code     0  uidiv.o(.text)
    __aeabi_uidivmod                         0x00002c19   Thumb Code    44  uidiv.o(.text)
    __scatterload                            0x00002c45   Thumb Code    28  init.o(.text)
    __scatterload_rt2                        0x00002c45   Thumb Code     0  init.o(.text)
    __0printf$1                              0x00002c69   Thumb Code    22  printf1.o(i.__0printf$1)
    __1printf$1                              0x00002c69   Thumb Code     0  printf1.o(i.__0printf$1)
    __2printf                                0x00002c69   Thumb Code     0  printf1.o(i.__0printf$1)
    __scatterload_copy                       0x00002c89   Thumb Code    14  handlers.o(i.__scatterload_copy)
    __scatterload_null                       0x00002c97   Thumb Code     2  handlers.o(i.__scatterload_null)
    __scatterload_zeroinit                   0x00002c99   Thumb Code    14  handlers.o(i.__scatterload_zeroinit)
    lcd_write_data_u16                       0x00002dfd   Thumb Code    48  lcd.o(i.lcd_write_data_u16)
    malloc                                   0x00002e39   Thumb Code    92  malloc.o(i.malloc)
    lightbike_up                             0x00002ea4   Data          78  lcd_images.o(.constdata)
    lightbike_down                           0x00002ef2   Data          78  lcd_images.o(.constdata)
    lightbike_left                           0x00002f40   Data          96  lcd_images.o(.constdata)
    lightbike_right                          0x00002fa0   Data          96  lcd_images.o(.constdata)
    lightbike_up_width                       0x00003000   Data           1  lcd_images.o(.constdata)
    lightbike_up_height                      0x00003001   Data           1  lcd_images.o(.constdata)
    lightbike_down_width                     0x00003002   Data           1  lcd_images.o(.constdata)
    lightbike_down_height                    0x00003003   Data           1  lcd_images.o(.constdata)
    lightbike_left_width                     0x00003004   Data           1  lcd_images.o(.constdata)
    lightbike_left_height                    0x00003005   Data           1  lcd_images.o(.constdata)
    lightbike_right_width                    0x00003006   Data           1  lcd_images.o(.constdata)
    lightbike_right_height                   0x00003007   Data           1  lcd_images.o(.constdata)
    trail_bitmap                             0x00003008   Data           4  lcd_images.o(.constdata)
    trail_width                              0x0000300c   Data           1  lcd_images.o(.constdata)
    trail_height                             0x0000300d   Data           1  lcd_images.o(.constdata)
    redWinsBitmaps                           0x0000300e   Data         644  lcd_images.o(.constdata)
    redWinsWidthPixels                       0x00003292   Data           1  lcd_images.o(.constdata)
    redWinsHeightPixels                      0x00003293   Data           1  lcd_images.o(.constdata)
    blueWinsBitmaps                          0x00003294   Data         700  lcd_images.o(.constdata)
    blueWinsWidthPixels                      0x00003550   Data           1  lcd_images.o(.constdata)
    blueWinsHeightPixels                     0x00003551   Data           1  lcd_images.o(.constdata)
    restartBitmaps                           0x00003552   Data         486  lcd_images.o(.constdata)
    restartWidthPixels                       0x00003738   Data           1  lcd_images.o(.constdata)
    restartHeightPixels                      0x00003739   Data           1  lcd_images.o(.constdata)
    Region$$Table$$Base                      0x0000373c   Number         0  anon$$obj.o(Region$$Table)
    Region$$Table$$Limit                     0x0000375c   Number         0  anon$$obj.o(Region$$Table)
    game_over                                0x20000000   Data           1  main.o(.data)
    kill                                     0x20000001   Data           1  main.o(.data)
    highscore                                0x20000002   Data           1  main.o(.data)
    game_time                                0x20000003   Data           1  main.o(.data)
    pressed                                  0x20000014   Data           1  project_interrupts.o(.data)
    BTN_DIR                                  0x20000015   Data           1  project_interrupts.o(.data)
    SystemCoreClock                          0x2000001c   Data           4  system_tm4c123.o(.data)
    __stdout                                 0x20000020   Data           4  stdout.o(.data)
    __microlib_freelist                      0x20000024   Data           4  mvars.o(.data)
    __microlib_freelist_initialised          0x20000028   Data           4  mvars.o(.data)
    player1                                  0x2000002c   Data        8044  main.o(.bss)
    player2                                  0x20001f98   Data        8044  main.o(.bss)
    UART0_Tx_Buffer                          0x20003f04   Data          14  serial_debug.o(.bss)
    UART0_Rx_Buffer                          0x20003f12   Data          14  serial_debug.o(.bss)
    __heap_base                              0x20003f20   Data           0  startup_tm4c123.o(HEAP)
    __heap_limit                             0x20003f20   Data           0  startup_tm4c123.o(HEAP)
    __initial_sp                             0x20004f20   Data           0  startup_tm4c123.o(STACK)



==============================================================================

Memory Map of the image

  Image Entry point : 0x000028a9

  Load Region LR_1 (Base: 0x00000000, Size: 0x00003788, Max: 0xffffffff, ABSOLUTE)

    Execution Region ER_RO (Exec base: 0x00000000, Load base: 0x00000000, Size: 0x0000375c, Max: 0xffffffff, ABSOLUTE)

    Exec Addr    Load Addr    Size         Type   Attr      Idx    E Section Name        Object

    0x00000000   0x00000000   0x0000026c   Data   RO          620    RESET               startup_tm4c123.o
    0x0000026c   0x0000026c   0x00000000   Code   RO          655  * .ARM.Collect$$$$00000000  mc_w.l(entry.o)
    0x0000026c   0x0000026c   0x00000004   Code   RO          950    .ARM.Collect$$$$00000001  mc_w.l(entry2.o)
    0x00000270   0x00000270   0x00000004   Code   RO          953    .ARM.Collect$$$$00000004  mc_w.l(entry5.o)
    0x00000274   0x00000274   0x00000000   Code   RO          955    .ARM.Collect$$$$00000008  mc_w.l(entry7b.o)
    0x00000274   0x00000274   0x00000000   Code   RO          957    .ARM.Collect$$$$0000000A  mc_w.l(entry8b.o)
    0x00000274   0x00000274   0x00000008   Code   RO          958    .ARM.Collect$$$$0000000B  mc_w.l(entry9a.o)
    0x0000027c   0x0000027c   0x00000000   Code   RO          960    .ARM.Collect$$$$0000000D  mc_w.l(entry10a.o)
    0x0000027c   0x0000027c   0x00000000   Code   RO          962    .ARM.Collect$$$$0000000F  mc_w.l(entry11a.o)
    0x0000027c   0x0000027c   0x00000004   Code   RO          951    .ARM.Collect$$$$00002712  mc_w.l(entry2.o)
    0x00000280   0x00000280   0x0000090c   Code   RO            4    .text               main.o
    0x00000b8c   0x00000b8c   0x000000bc   Code   RO          136    .text               project_hardware_init.o
    0x00000c48   0x00000c48   0x00000244   Code   RO          160    .text               project_interrupts.o
    0x00000e8c   0x00000e8c   0x000000a0   Code   RO          200    .text               adc.o
    0x00000f2c   0x00000f2c   0x000002dc   Code   RO          228    .text               gpio_port.o
    0x00001208   0x00001208   0x00000208   Code   RO          252    .text               i2c.o
    0x00001410   0x00001410   0x0000007c   Code   RO          273    .text               pc_buffer.o
    0x0000148c   0x0000148c   0x00000248   Code   RO          318    .text               timers.o
    0x000016d4   0x000016d4   0x00000290   Code   RO          346    .text               uart.o
    0x00001964   0x00001964   0x000001cc   Code   RO          400    .text               eeprom.o
    0x00001b30   0x00001b30   0x00000178   Code   RO          424    .text               ft6x06.o
    0x00001ca8   0x00001ca8   0x000000f4   Code   RO          448    .text               launchpad_io.o
    0x00001d9c   0x00001d9c   0x000004a2   Code   RO          472    .text               lcd.o
    0x0000223e   0x0000223e   0x00000002   PAD
    0x00002240   0x00002240   0x00000138   Code   RO          502    .text               ps2.o
    0x00002378   0x00002378   0x00000248   Code   RO          526    .text               serial_debug.o
    0x000025c0   0x000025c0   0x000002e8   Code   RO          590    .text               io_expander.o
    0x000028a8   0x000028a8   0x000000fc   Code   RO          621  * .text               startup_tm4c123.o
    0x000029a4   0x000029a4   0x00000250   Code   RO          628    .text               system_tm4c123.o
    0x00002bf4   0x00002bf4   0x00000024   Code   RO          659    .text               mc_w.l(memseta.o)
    0x00002c18   0x00002c18   0x0000002c   Code   RO          964    .text               mc_w.l(uidiv.o)
    0x00002c44   0x00002c44   0x00000024   Code   RO          985    .text               mc_w.l(init.o)
    0x00002c68   0x00002c68   0x00000020   Code   RO          706    i.__0printf$1       mc_w.l(printf1.o)
    0x00002c88   0x00002c88   0x0000000e   Code   RO          997    i.__scatterload_copy  mc_w.l(handlers.o)
    0x00002c96   0x00002c96   0x00000002   Code   RO          998    i.__scatterload_null  mc_w.l(handlers.o)
    0x00002c98   0x00002c98   0x0000000e   Code   RO          999    i.__scatterload_zeroinit  mc_w.l(handlers.o)
    0x00002ca6   0x00002ca6   0x00000002   PAD
    0x00002ca8   0x00002ca8   0x00000154   Code   RO          713    i._printf_core      mc_w.l(printf1.o)
    0x00002dfc   0x00002dfc   0x0000003c   Code   RO          490    i.lcd_write_data_u16  lcd.o
    0x00002e38   0x00002e38   0x0000006c   Code   RO          923    i.malloc            mc_w.l(malloc.o)
    0x00002ea4   0x00002ea4   0x00000896   Data   RO          185    .constdata          lcd_images.o
    0x0000373a   0x0000373a   0x00000002   PAD
    0x0000373c   0x0000373c   0x00000020   Data   RO          995    Region$$Table       anon$$obj.o


    Execution Region ER_RW (Exec base: 0x20000000, Load base: 0x0000375c, Size: 0x0000002c, Max: 0xffffffff, ABSOLUTE)

    Exec Addr    Load Addr    Size         Type   Attr      Idx    E Section Name        Object

    0x20000000   0x0000375c   0x0000000c   Data   RW            6    .data               main.o
    0x2000000c   0x00003768   0x0000000d   Data   RW          161    .data               project_interrupts.o
    0x20000019   0x00003775   0x00000002   Data   RW          528    .data               serial_debug.o
    0x2000001b   0x00003777   0x00000001   PAD
    0x2000001c   0x00003778   0x00000004   Data   RW          629    .data               system_tm4c123.o
    0x20000020   0x0000377c   0x00000004   Data   RW          658    .data               mc_w.l(stdout.o)
    0x20000024   0x00003780   0x00000004   Data   RW          972    .data               mc_w.l(mvars.o)
    0x20000028   0x00003784   0x00000004   Data   RW          973    .data               mc_w.l(mvars.o)


    Execution Region ER_ZI (Exec base: 0x2000002c, Load base: 0x00003788, Size: 0x00004ef4, Max: 0xffffffff, ABSOLUTE)

    Exec Addr    Load Addr    Size         Type   Attr      Idx    E Section Name        Object

    0x2000002c        -       0x00003ed8   Zero   RW            5    .bss                main.o
    0x20003f04        -       0x0000001c   Zero   RW          527    .bss                serial_debug.o
    0x20003f20        -       0x00000000   Zero   RW          619    HEAP                startup_tm4c123.o
    0x20003f20        -       0x00001000   Zero   RW          618    STACK               startup_tm4c123.o


==============================================================================

Image component sizes


      Code (inc. data)   RO Data    RW Data    ZI Data      Debug   Object Name

       160         12          0          0          0       1451   adc.o
       460          4          0          0          0       2297   eeprom.o
       376          4          0          0          0       2164   ft6x06.o
       732         32          0          0          0       5290   gpio_port.o
       520         24          0          0          0       3669   i2c.o
       744         36          0          0          0       1943   io_expander.o
       244         24          0          0          0       2058   launchpad_io.o
      1246         28          0          0          0       3809   lcd.o
         0          0       2198          0          0       1766   lcd_images.o
      2316        610          0         12      16088      35269   main.o
       124          0          0          0          0       1931   pc_buffer.o
       188         78          0          0          0        536   project_hardware_init.o
       580         60          0         13          0       2759   project_interrupts.o
       312         24          0          0          0       1532   ps2.o
       584         74          0          2         28       5721   serial_debug.o
       252         10        620          0       4096       5436   startup_tm4c123.o
       592        138          0          4          0       1549   system_tm4c123.o
       584         24          0          0          0      32856   timers.o
       656         54          0          0          0       3476   uart.o

    ----------------------------------------------------------------------
     10672       1236       2852         32      20212     115512   Object Totals
         0          0         32          0          0          0   (incl. Generated)
         2          0          2          1          0          0   (incl. Padding)

    ----------------------------------------------------------------------

      Code (inc. data)   RO Data    RW Data    ZI Data      Debug   Library Member Name

         0          0          0          0          0          0   entry.o
         0          0          0          0          0          0   entry10a.o
         0          0          0          0          0          0   entry11a.o
         8          4          0          0          0          0   entry2.o
         4          0          0          0          0          0   entry5.o
         0          0          0          0          0          0   entry7b.o
         0          0          0          0          0          0   entry8b.o
         8          4          0          0          0          0   entry9a.o
        30          0          0          0          0          0   handlers.o
        36          8          0          0          0         68   init.o
       108         16          0          0          0         84   malloc.o
        36          0          0          0          0        108   memseta.o
         0          0          0          8          0          0   mvars.o
       372         14          0          0          0        184   printf1.o
         0          0          0          4          0          0   stdout.o
        44          0          0          0          0         80   uidiv.o

    ----------------------------------------------------------------------
       648         46          0         12          0        524   Library Totals
         2          0          0          0          0          0   (incl. Padding)

    ----------------------------------------------------------------------

      Code (inc. data)   RO Data    RW Data    ZI Data      Debug   Library Name

       646         46          0         12          0        524   mc_w.l

    ----------------------------------------------------------------------
       648         46          0         12          0        524   Library Totals

    ----------------------------------------------------------------------

==============================================================================


      Code (inc. data)   RO Data    RW Data    ZI Data      Debug   

     11320       1282       2852         44      20212     113284   Grand Totals
     11320       1282       2852         44      20212     113284   ELF Image Totals
     11320       1282       2852         44          0          0   ROM Totals

==============================================================================

    Total RO  Size (Code + RO Data)                14172 (  13.84kB)
    Total RW  Size (RW Data + ZI Data)             20256 (  19.78kB)
    Total ROM Size (Code + RO Data + RW Data)      14216 (  13.88kB)

==============================================================================

